WARNING: Could not remove empty redirect log 
'D:\UIT\KLTN\runtime\ministral3_8b_challenger\logs\event_v3_7_full_wrapper_20260826_225716.stderr.log': Exception 
calling "Delete" with "1" argument(s): "The process cannot access the file 
'D:\UIT\KLTN\runtime\ministral3_8b_challenger\logs\event_v3_7_full_wrapper_20260826_225716.stderr.log' because it is 
being used by another process."
WARNING: Could not remove empty redirect log 
'D:\UIT\KLTN\runtime\ministral3_8b_challenger\logs\event_v3_7_full_wrapper_20260826_225716.stdout.log': Exception 
calling "Delete" with "1" argument(s): "The process cannot access the file 
'D:\UIT\KLTN\runtime\ministral3_8b_challenger\logs\event_v3_7_full_wrapper_20260826_225716.stdout.log' because it is 
being used by another process."
FULL_EXTRACTION_START pid=31588 records=0
THERMAL gpu_temp_c=56 records=0 errors=0
THERMAL gpu_temp_c=57 records=0 errors=0
THERMAL gpu_temp_c=58 records=0 errors=0
THERMAL gpu_temp_c=59 records=0 errors=0
THERMAL gpu_temp_c=60 records=0 errors=0
THERMAL gpu_temp_c=61 records=0 errors=0
THERMAL gpu_temp_c=61 records=0 errors=0
THERMAL gpu_temp_c=62 records=0 errors=0
THERMAL gpu_temp_c=63 records=0 errors=0
THERMAL gpu_temp_c=63 records=0 errors=0
THERMAL gpu_temp_c=63 records=0 errors=0
THERMAL gpu_temp_c=63 records=4 errors=0
THERMAL gpu_temp_c=61 records=4 errors=0
THERMAL gpu_temp_c=65 records=4 errors=0
THERMAL gpu_temp_c=63 records=4 errors=0
THERMAL gpu_temp_c=64 records=4 errors=0
THERMAL gpu_temp_c=64 records=4 errors=0
THERMAL gpu_temp_c=64 records=4 errors=0
THERMAL gpu_temp_c=64 records=4 errors=0
THERMAL gpu_temp_c=65 records=4 errors=0
THERMAL gpu_temp_c=65 records=4 errors=0
THERMAL gpu_temp_c=65 records=4 errors=0
THERMAL gpu_temp_c=66 records=4 errors=0
THERMAL gpu_temp_c=65 records=8 errors=0
THERMAL gpu_temp_c=63 records=8 errors=0
THERMAL gpu_temp_c=68 records=8 errors=0
THERMAL gpu_temp_c=64 records=8 errors=0
THERMAL gpu_temp_c=64 records=8 errors=0
THERMAL gpu_temp_c=65 records=8 errors=0
THERMAL gpu_temp_c=66 records=8 errors=0
THERMAL gpu_temp_c=65 records=8 errors=0
THERMAL gpu_temp_c=66 records=8 errors=0
THERMAL gpu_temp_c=65 records=8 errors=0
THERMAL gpu_temp_c=65 records=12 errors=0
THERMAL gpu_temp_c=63 records=12 errors=0
THERMAL gpu_temp_c=61 records=12 errors=0
THERMAL gpu_temp_c=64 records=12 errors=0
THERMAL gpu_temp_c=64 records=12 errors=0
THERMAL gpu_temp_c=65 records=12 errors=0
THERMAL gpu_temp_c=65 records=12 errors=0
THERMAL gpu_temp_c=65 records=12 errors=0
THERMAL gpu_temp_c=65 records=12 errors=0
THERMAL gpu_temp_c=65 records=12 errors=0
THERMAL gpu_temp_c=66 records=12 errors=0
THERMAL gpu_temp_c=64 records=16 errors=0
THERMAL gpu_temp_c=61 records=16 errors=0
THERMAL gpu_temp_c=65 records=16 errors=0
THERMAL gpu_temp_c=64 records=16 errors=0
THERMAL gpu_temp_c=65 records=16 errors=0
THERMAL gpu_temp_c=65 records=16 errors=0
THERMAL gpu_temp_c=65 records=16 errors=0
THERMAL gpu_temp_c=66 records=16 errors=0
THERMAL gpu_temp_c=65 records=16 errors=0
THERMAL gpu_temp_c=65 records=16 errors=0
THERMAL gpu_temp_c=64 records=20 errors=0
THERMAL gpu_temp_c=62 records=20 errors=0
THERMAL gpu_temp_c=67 records=20 errors=0
THERMAL gpu_temp_c=64 records=20 errors=0
THERMAL gpu_temp_c=65 records=20 errors=0
THERMAL gpu_temp_c=65 records=20 errors=0
THERMAL gpu_temp_c=65 records=20 errors=0
THERMAL gpu_temp_c=66 records=20 errors=0
THERMAL gpu_temp_c=66 records=20 errors=0
THERMAL gpu_temp_c=66 records=20 errors=0
THERMAL gpu_temp_c=65 records=24 errors=0
THERMAL gpu_temp_c=62 records=24 errors=0
THERMAL gpu_temp_c=70 records=24 errors=0
THERMAL gpu_temp_c=65 records=24 errors=0
THERMAL gpu_temp_c=65 records=24 errors=0
THERMAL gpu_temp_c=66 records=24 errors=0
THERMAL gpu_temp_c=66 records=24 errors=0
THERMAL gpu_temp_c=66 records=24 errors=0
THERMAL gpu_temp_c=66 records=24 errors=0
THERMAL gpu_temp_c=66 records=24 errors=0
THERMAL gpu_temp_c=66 records=28 errors=0
THERMAL gpu_temp_c=65 records=28 errors=0
THERMAL gpu_temp_c=62 records=28 errors=0
THERMAL gpu_temp_c=66 records=28 errors=0
THERMAL gpu_temp_c=67 records=28 errors=0
THERMAL gpu_temp_c=66 records=28 errors=0
THERMAL gpu_temp_c=66 records=28 errors=0
THERMAL gpu_temp_c=67 records=28 errors=0
THERMAL gpu_temp_c=67 records=28 errors=0
THERMAL gpu_temp_c=67 records=28 errors=0
THERMAL gpu_temp_c=66 records=32 errors=0
THERMAL gpu_temp_c=64 records=32 errors=0
THERMAL gpu_temp_c=63 records=32 errors=0
THERMAL gpu_temp_c=66 records=32 errors=0
THERMAL gpu_temp_c=66 records=32 errors=0
THERMAL gpu_temp_c=66 records=32 errors=0
THERMAL gpu_temp_c=67 records=32 errors=0
THERMAL gpu_temp_c=67 records=32 errors=0
THERMAL gpu_temp_c=67 records=32 errors=0
THERMAL gpu_temp_c=67 records=32 errors=0
THERMAL gpu_temp_c=68 records=32 errors=0
THERMAL gpu_temp_c=65 records=36 errors=0
THERMAL gpu_temp_c=63 records=36 errors=0
THERMAL gpu_temp_c=66 records=36 errors=0
THERMAL gpu_temp_c=66 records=36 errors=0
THERMAL gpu_temp_c=66 records=36 errors=0
THERMAL gpu_temp_c=66 records=36 errors=0
THERMAL gpu_temp_c=67 records=36 errors=0
THERMAL gpu_temp_c=66 records=36 errors=0
THERMAL gpu_temp_c=66 records=36 errors=0
THERMAL gpu_temp_c=67 records=36 errors=0
THERMAL gpu_temp_c=67 records=36 errors=0
THERMAL gpu_temp_c=64 records=40 errors=0
THERMAL gpu_temp_c=63 records=40 errors=0
THERMAL gpu_temp_c=66 records=40 errors=0
THERMAL gpu_temp_c=66 records=40 errors=0
THERMAL gpu_temp_c=66 records=40 errors=0
THERMAL gpu_temp_c=66 records=40 errors=0
THERMAL gpu_temp_c=66 records=40 errors=0
THERMAL gpu_temp_c=67 records=40 errors=0
THERMAL gpu_temp_c=67 records=40 errors=0
THERMAL gpu_temp_c=67 records=40 errors=0
THERMAL gpu_temp_c=66 records=44 errors=0
THERMAL gpu_temp_c=64 records=44 errors=0
THERMAL gpu_temp_c=63 records=44 errors=0
THERMAL gpu_temp_c=66 records=44 errors=0
THERMAL gpu_temp_c=66 records=44 errors=0
THERMAL gpu_temp_c=66 records=44 errors=0
THERMAL gpu_temp_c=66 records=44 errors=0
THERMAL gpu_temp_c=67 records=44 errors=0
THERMAL gpu_temp_c=67 records=44 errors=0
THERMAL gpu_temp_c=67 records=44 errors=0
THERMAL gpu_temp_c=67 records=48 errors=0
THERMAL gpu_temp_c=65 records=48 errors=0
THERMAL gpu_temp_c=63 records=48 errors=0
THERMAL gpu_temp_c=66 records=48 errors=0
THERMAL gpu_temp_c=66 records=48 errors=0
THERMAL gpu_temp_c=66 records=48 errors=0
THERMAL gpu_temp_c=67 records=48 errors=0
THERMAL gpu_temp_c=67 records=48 errors=0
THERMAL gpu_temp_c=67 records=48 errors=0
THERMAL gpu_temp_c=67 records=48 errors=0
THERMAL gpu_temp_c=67 records=48 errors=0
THERMAL gpu_temp_c=66 records=52 errors=0
THERMAL gpu_temp_c=64 records=52 errors=0
THERMAL gpu_temp_c=70 records=52 errors=0
THERMAL gpu_temp_c=66 records=52 errors=0
THERMAL gpu_temp_c=67 records=52 errors=0
THERMAL gpu_temp_c=67 records=52 errors=0
THERMAL gpu_temp_c=67 records=52 errors=0
THERMAL gpu_temp_c=67 records=52 errors=0
THERMAL gpu_temp_c=67 records=52 errors=0
THERMAL gpu_temp_c=68 records=52 errors=0
THERMAL gpu_temp_c=66 records=56 errors=0
THERMAL gpu_temp_c=64 records=56 errors=0
THERMAL gpu_temp_c=69 records=56 errors=0
THERMAL gpu_temp_c=66 records=56 errors=0
THERMAL gpu_temp_c=67 records=56 errors=0
THERMAL gpu_temp_c=66 records=56 errors=0
THERMAL gpu_temp_c=67 records=56 errors=0
THERMAL gpu_temp_c=67 records=56 errors=0
THERMAL gpu_temp_c=67 records=56 errors=0
THERMAL gpu_temp_c=67 records=56 errors=0
THERMAL gpu_temp_c=66 records=60 errors=0
THERMAL gpu_temp_c=64 records=60 errors=0
THERMAL gpu_temp_c=70 records=60 errors=0
THERMAL gpu_temp_c=66 records=60 errors=0
THERMAL gpu_temp_c=66 records=60 errors=0
THERMAL gpu_temp_c=66 records=60 errors=0
THERMAL gpu_temp_c=66 records=60 errors=0
THERMAL gpu_temp_c=66 records=60 errors=0
THERMAL gpu_temp_c=66 records=60 errors=0
THERMAL gpu_temp_c=67 records=60 errors=0
THERMAL gpu_temp_c=67 records=60 errors=0
THERMAL gpu_temp_c=65 records=64 errors=0
THERMAL gpu_temp_c=63 records=64 errors=0
THERMAL gpu_temp_c=67 records=64 errors=0
THERMAL gpu_temp_c=66 records=64 errors=0
THERMAL gpu_temp_c=66 records=64 errors=0
THERMAL gpu_temp_c=66 records=64 errors=0
THERMAL gpu_temp_c=67 records=64 errors=0
THERMAL gpu_temp_c=67 records=64 errors=0
THERMAL gpu_temp_c=67 records=64 errors=0
THERMAL gpu_temp_c=67 records=64 errors=0
THERMAL gpu_temp_c=65 records=68 errors=0
THERMAL gpu_temp_c=64 records=68 errors=0
THERMAL gpu_temp_c=70 records=68 errors=0
THERMAL gpu_temp_c=66 records=68 errors=0
THERMAL gpu_temp_c=67 records=68 errors=0
THERMAL gpu_temp_c=67 records=68 errors=0
THERMAL gpu_temp_c=66 records=68 errors=0
THERMAL gpu_temp_c=66 records=68 errors=0
THERMAL gpu_temp_c=67 records=68 errors=0
THERMAL gpu_temp_c=67 records=68 errors=0
THERMAL gpu_temp_c=66 records=72 errors=0
THERMAL gpu_temp_c=65 records=72 errors=0
THERMAL gpu_temp_c=63 records=72 errors=0
THERMAL gpu_temp_c=66 records=72 errors=0
THERMAL gpu_temp_c=66 records=72 errors=0
THERMAL gpu_temp_c=66 records=72 errors=0
THERMAL gpu_temp_c=67 records=72 errors=0
THERMAL gpu_temp_c=67 records=72 errors=0
THERMAL gpu_temp_c=67 records=72 errors=0
THERMAL gpu_temp_c=67 records=72 errors=0
THERMAL gpu_temp_c=68 records=72 errors=0
THERMAL gpu_temp_c=66 records=76 errors=0
THERMAL gpu_temp_c=64 records=76 errors=0
THERMAL gpu_temp_c=68 records=76 errors=0
THERMAL gpu_temp_c=66 records=76 errors=0
THERMAL gpu_temp_c=67 records=76 errors=0
THERMAL gpu_temp_c=67 records=76 errors=0
THERMAL gpu_temp_c=67 records=76 errors=0
THERMAL gpu_temp_c=67 records=76 errors=0
THERMAL gpu_temp_c=68 records=76 errors=0
THERMAL gpu_temp_c=67 records=76 errors=0
THERMAL gpu_temp_c=67 records=76 errors=0
THERMAL gpu_temp_c=65 records=80 errors=0
THERMAL gpu_temp_c=63 records=80 errors=0
THERMAL gpu_temp_c=68 records=80 errors=0
THERMAL gpu_temp_c=66 records=80 errors=0
THERMAL gpu_temp_c=67 records=80 errors=0
THERMAL gpu_temp_c=68 records=80 errors=0
THERMAL gpu_temp_c=67 records=80 errors=0
THERMAL gpu_temp_c=68 records=80 errors=0
THERMAL gpu_temp_c=67 records=80 errors=0
THERMAL gpu_temp_c=67 records=80 errors=0
THERMAL gpu_temp_c=66 records=84 errors=0
THERMAL gpu_temp_c=64 records=84 errors=0
THERMAL gpu_temp_c=68 records=84 errors=0
THERMAL gpu_temp_c=66 records=84 errors=0
THERMAL gpu_temp_c=66 records=84 errors=0
THERMAL gpu_temp_c=68 records=84 errors=0
THERMAL gpu_temp_c=67 records=84 errors=0
THERMAL gpu_temp_c=67 records=84 errors=0
THERMAL gpu_temp_c=68 records=84 errors=0
THERMAL gpu_temp_c=67 records=84 errors=0
THERMAL gpu_temp_c=67 records=88 errors=0
THERMAL gpu_temp_c=65 records=88 errors=0
THERMAL gpu_temp_c=64 records=88 errors=0
THERMAL gpu_temp_c=67 records=88 errors=0
THERMAL gpu_temp_c=67 records=88 errors=0
THERMAL gpu_temp_c=67 records=88 errors=0
THERMAL gpu_temp_c=67 records=88 errors=0
THERMAL gpu_temp_c=68 records=88 errors=0
THERMAL gpu_temp_c=68 records=88 errors=0
THERMAL gpu_temp_c=68 records=88 errors=0
THERMAL gpu_temp_c=67 records=92 errors=0
THERMAL gpu_temp_c=65 records=92 errors=0
THERMAL gpu_temp_c=64 records=92 errors=0
THERMAL gpu_temp_c=66 records=92 errors=0
THERMAL gpu_temp_c=67 records=92 errors=0
THERMAL gpu_temp_c=67 records=92 errors=0
THERMAL gpu_temp_c=67 records=92 errors=0
THERMAL gpu_temp_c=68 records=92 errors=0
THERMAL gpu_temp_c=67 records=92 errors=0
THERMAL gpu_temp_c=68 records=92 errors=0
THERMAL gpu_temp_c=68 records=92 errors=0
THERMAL gpu_temp_c=66 records=96 errors=0
THERMAL gpu_temp_c=64 records=96 errors=0
THERMAL gpu_temp_c=68 records=96 errors=0
THERMAL gpu_temp_c=66 records=96 errors=0
THERMAL gpu_temp_c=67 records=96 errors=0
THERMAL gpu_temp_c=67 records=96 errors=0
THERMAL gpu_temp_c=67 records=96 errors=0
THERMAL gpu_temp_c=68 records=96 errors=0
THERMAL gpu_temp_c=68 records=96 errors=0
THERMAL gpu_temp_c=67 records=96 errors=0
THERMAL gpu_temp_c=67 records=100 errors=0
THERMAL gpu_temp_c=65 records=100 errors=0
THERMAL gpu_temp_c=63 records=100 errors=0
THERMAL gpu_temp_c=66 records=100 errors=0
THERMAL gpu_temp_c=66 records=100 errors=0
THERMAL gpu_temp_c=67 records=100 errors=0
THERMAL gpu_temp_c=67 records=100 errors=0
THERMAL gpu_temp_c=68 records=100 errors=0
THERMAL gpu_temp_c=67 records=100 errors=0
THERMAL gpu_temp_c=67 records=100 errors=0
THERMAL gpu_temp_c=67 records=104 errors=0
THERMAL gpu_temp_c=65 records=104 errors=0
THERMAL gpu_temp_c=64 records=104 errors=0
THERMAL gpu_temp_c=67 records=104 errors=0
THERMAL gpu_temp_c=67 records=104 errors=0
THERMAL gpu_temp_c=67 records=104 errors=0
THERMAL gpu_temp_c=67 records=104 errors=0
THERMAL gpu_temp_c=67 records=104 errors=0
THERMAL gpu_temp_c=67 records=104 errors=0
THERMAL gpu_temp_c=67 records=104 errors=0
THERMAL gpu_temp_c=68 records=104 errors=0
THERMAL gpu_temp_c=68 records=104 errors=0
THERMAL gpu_temp_c=67 records=108 errors=0
THERMAL gpu_temp_c=64 records=108 errors=0
THERMAL gpu_temp_c=69 records=108 errors=0
THERMAL gpu_temp_c=67 records=108 errors=0
THERMAL gpu_temp_c=67 records=108 errors=0
THERMAL gpu_temp_c=67 records=108 errors=0
THERMAL gpu_temp_c=67 records=108 errors=0
THERMAL gpu_temp_c=67 records=108 errors=0
THERMAL gpu_temp_c=67 records=108 errors=0
THERMAL gpu_temp_c=67 records=108 errors=0
THERMAL gpu_temp_c=65 records=112 errors=0
THERMAL gpu_temp_c=63 records=112 errors=0
THERMAL gpu_temp_c=68 records=112 errors=0
THERMAL gpu_temp_c=66 records=112 errors=0
THERMAL gpu_temp_c=66 records=112 errors=0
THERMAL gpu_temp_c=67 records=112 errors=0
THERMAL gpu_temp_c=67 records=112 errors=0
THERMAL gpu_temp_c=67 records=112 errors=0
THERMAL gpu_temp_c=68 records=112 errors=0
THERMAL gpu_temp_c=67 records=112 errors=0
THERMAL gpu_temp_c=67 records=112 errors=0
THERMAL gpu_temp_c=68 records=112 errors=0
THERMAL gpu_temp_c=66 records=116 errors=0
THERMAL gpu_temp_c=64 records=116 errors=0
THERMAL gpu_temp_c=67 records=116 errors=0
THERMAL gpu_temp_c=67 records=116 errors=0
THERMAL gpu_temp_c=67 records=116 errors=0
THERMAL gpu_temp_c=67 records=116 errors=0
THERMAL gpu_temp_c=67 records=116 errors=0
THERMAL gpu_temp_c=67 records=116 errors=0
THERMAL gpu_temp_c=67 records=116 errors=0
THERMAL gpu_temp_c=67 records=116 errors=0
THERMAL gpu_temp_c=67 records=116 errors=0
THERMAL gpu_temp_c=66 records=120 errors=0
THERMAL gpu_temp_c=64 records=120 errors=0
THERMAL gpu_temp_c=68 records=120 errors=0
THERMAL gpu_temp_c=66 records=120 errors=0
THERMAL gpu_temp_c=67 records=120 errors=0
THERMAL gpu_temp_c=68 records=120 errors=0
THERMAL gpu_temp_c=68 records=120 errors=0
THERMAL gpu_temp_c=67 records=120 errors=0
THERMAL gpu_temp_c=67 records=120 errors=0
THERMAL gpu_temp_c=68 records=120 errors=0
THERMAL gpu_temp_c=67 records=120 errors=0
THERMAL gpu_temp_c=66 records=124 errors=0
THERMAL gpu_temp_c=65 records=124 errors=0
THERMAL gpu_temp_c=71 records=124 errors=0
THERMAL gpu_temp_c=66 records=124 errors=0
THERMAL gpu_temp_c=67 records=124 errors=0
THERMAL gpu_temp_c=67 records=124 errors=0
THERMAL gpu_temp_c=67 records=124 errors=0
THERMAL gpu_temp_c=67 records=124 errors=0
THERMAL gpu_temp_c=67 records=124 errors=0
THERMAL gpu_temp_c=68 records=124 errors=0
THERMAL gpu_temp_c=68 records=124 errors=0
THERMAL gpu_temp_c=67 records=128 errors=0
THERMAL gpu_temp_c=66 records=128 errors=0
THERMAL gpu_temp_c=71 records=128 errors=0
THERMAL gpu_temp_c=67 records=128 errors=0
THERMAL gpu_temp_c=68 records=128 errors=0
THERMAL gpu_temp_c=67 records=128 errors=0
THERMAL gpu_temp_c=68 records=128 errors=0
THERMAL gpu_temp_c=68 records=128 errors=0
THERMAL gpu_temp_c=68 records=128 errors=0
THERMAL gpu_temp_c=68 records=128 errors=0
THERMAL gpu_temp_c=68 records=128 errors=0
THERMAL gpu_temp_c=68 records=128 errors=0
THERMAL gpu_temp_c=68 records=132 errors=0
THERMAL gpu_temp_c=66 records=132 errors=0
THERMAL gpu_temp_c=64 records=132 errors=0
THERMAL gpu_temp_c=67 records=132 errors=0
THERMAL gpu_temp_c=67 records=132 errors=0
THERMAL gpu_temp_c=67 records=132 errors=0
THERMAL gpu_temp_c=67 records=132 errors=0
THERMAL gpu_temp_c=67 records=132 errors=0
THERMAL gpu_temp_c=68 records=132 errors=0
THERMAL gpu_temp_c=67 records=132 errors=0
THERMAL gpu_temp_c=68 records=132 errors=0
THERMAL gpu_temp_c=67 records=136 errors=0
THERMAL gpu_temp_c=65 records=136 errors=0
THERMAL gpu_temp_c=65 records=136 errors=0
THERMAL gpu_temp_c=67 records=136 errors=0
THERMAL gpu_temp_c=67 records=136 errors=0
THERMAL gpu_temp_c=67 records=136 errors=0
THERMAL gpu_temp_c=67 records=136 errors=0
THERMAL gpu_temp_c=67 records=136 errors=0
THERMAL gpu_temp_c=67 records=136 errors=0
THERMAL gpu_temp_c=67 records=136 errors=0
THERMAL gpu_temp_c=68 records=136 errors=0
THERMAL gpu_temp_c=67 records=140 errors=0
THERMAL gpu_temp_c=65 records=140 errors=0
THERMAL gpu_temp_c=65 records=140 errors=0
THERMAL gpu_temp_c=67 records=140 errors=0
THERMAL gpu_temp_c=67 records=140 errors=0
THERMAL gpu_temp_c=67 records=140 errors=0
THERMAL gpu_temp_c=68 records=140 errors=0
THERMAL gpu_temp_c=67 records=140 errors=0
THERMAL gpu_temp_c=68 records=140 errors=0
THERMAL gpu_temp_c=67 records=140 errors=0
THERMAL gpu_temp_c=68 records=140 errors=0
THERMAL gpu_temp_c=67 records=144 errors=0
THERMAL gpu_temp_c=65 records=144 errors=0
THERMAL gpu_temp_c=70 records=144 errors=0
THERMAL gpu_temp_c=67 records=144 errors=0
THERMAL gpu_temp_c=67 records=144 errors=0
THERMAL gpu_temp_c=67 records=144 errors=0
THERMAL gpu_temp_c=68 records=144 errors=0
THERMAL gpu_temp_c=68 records=144 errors=0
THERMAL gpu_temp_c=67 records=144 errors=0
THERMAL gpu_temp_c=68 records=144 errors=0
THERMAL gpu_temp_c=68 records=144 errors=0
THERMAL gpu_temp_c=66 records=148 errors=0
THERMAL gpu_temp_c=65 records=148 errors=0
THERMAL gpu_temp_c=69 records=148 errors=0
THERMAL gpu_temp_c=67 records=148 errors=0
THERMAL gpu_temp_c=67 records=148 errors=0
THERMAL gpu_temp_c=67 records=148 errors=0
THERMAL gpu_temp_c=68 records=148 errors=0
THERMAL gpu_temp_c=68 records=148 errors=0
THERMAL gpu_temp_c=67 records=148 errors=0
THERMAL gpu_temp_c=68 records=148 errors=0
THERMAL gpu_temp_c=68 records=148 errors=0
THERMAL gpu_temp_c=66 records=152 errors=0
THERMAL gpu_temp_c=65 records=152 errors=0
THERMAL gpu_temp_c=71 records=152 errors=0
THERMAL gpu_temp_c=68 records=152 errors=0
THERMAL gpu_temp_c=68 records=152 errors=0
THERMAL gpu_temp_c=68 records=152 errors=0
THERMAL gpu_temp_c=67 records=152 errors=0
THERMAL gpu_temp_c=68 records=152 errors=0
THERMAL gpu_temp_c=68 records=152 errors=0
THERMAL gpu_temp_c=68 records=152 errors=0
THERMAL gpu_temp_c=68 records=152 errors=0
THERMAL gpu_temp_c=68 records=152 errors=0
THERMAL gpu_temp_c=67 records=156 errors=0
THERMAL gpu_temp_c=66 records=156 errors=0
THERMAL gpu_temp_c=71 records=156 errors=0
THERMAL gpu_temp_c=68 records=156 errors=0
THERMAL gpu_temp_c=68 records=156 errors=0
THERMAL gpu_temp_c=68 records=156 errors=0
THERMAL gpu_temp_c=68 records=156 errors=0
THERMAL gpu_temp_c=68 records=156 errors=0
THERMAL gpu_temp_c=68 records=156 errors=0
THERMAL gpu_temp_c=68 records=156 errors=0
THERMAL gpu_temp_c=68 records=156 errors=0
THERMAL gpu_temp_c=68 records=156 errors=0
THERMAL gpu_temp_c=67 records=160 errors=0
THERMAL gpu_temp_c=66 records=160 errors=0
THERMAL gpu_temp_c=71 records=160 errors=0
THERMAL gpu_temp_c=68 records=160 errors=0
THERMAL gpu_temp_c=67 records=160 errors=0
THERMAL gpu_temp_c=68 records=160 errors=0
THERMAL gpu_temp_c=68 records=160 errors=0
THERMAL gpu_temp_c=68 records=160 errors=0
THERMAL gpu_temp_c=68 records=160 errors=0
THERMAL gpu_temp_c=68 records=160 errors=0
THERMAL gpu_temp_c=68 records=160 errors=0
THERMAL gpu_temp_c=68 records=160 errors=0
THERMAL gpu_temp_c=67 records=164 errors=0
THERMAL gpu_temp_c=65 records=164 errors=0
THERMAL gpu_temp_c=65 records=164 errors=0
THERMAL gpu_temp_c=67 records=164 errors=0
THERMAL gpu_temp_c=68 records=164 errors=0
THERMAL gpu_temp_c=67 records=164 errors=0
THERMAL gpu_temp_c=67 records=164 errors=0
THERMAL gpu_temp_c=67 records=164 errors=0
THERMAL gpu_temp_c=68 records=164 errors=0
THERMAL gpu_temp_c=68 records=164 errors=0
THERMAL gpu_temp_c=68 records=164 errors=0
THERMAL gpu_temp_c=68 records=164 errors=0
THERMAL gpu_temp_c=67 records=168 errors=0
THERMAL gpu_temp_c=65 records=168 errors=0
THERMAL gpu_temp_c=70 records=168 errors=0
THERMAL gpu_temp_c=68 records=168 errors=0
THERMAL gpu_temp_c=67 records=168 errors=0
THERMAL gpu_temp_c=67 records=168 errors=0
THERMAL gpu_temp_c=68 records=168 errors=0
THERMAL gpu_temp_c=67 records=168 errors=0
THERMAL gpu_temp_c=68 records=168 errors=0
THERMAL gpu_temp_c=68 records=168 errors=0
THERMAL gpu_temp_c=68 records=168 errors=0
THERMAL gpu_temp_c=68 records=168 errors=0
THERMAL gpu_temp_c=67 records=172 errors=0
THERMAL gpu_temp_c=66 records=172 errors=0
THERMAL gpu_temp_c=70 records=172 errors=0
THERMAL gpu_temp_c=67 records=172 errors=0
THERMAL gpu_temp_c=67 records=172 errors=0
THERMAL gpu_temp_c=68 records=172 errors=0
THERMAL gpu_temp_c=67 records=172 errors=0
THERMAL gpu_temp_c=68 records=172 errors=0
THERMAL gpu_temp_c=67 records=172 errors=0
THERMAL gpu_temp_c=67 records=172 errors=0
THERMAL gpu_temp_c=67 records=172 errors=0
THERMAL gpu_temp_c=66 records=176 errors=0
THERMAL gpu_temp_c=64 records=176 errors=0
THERMAL gpu_temp_c=71 records=176 errors=0
THERMAL gpu_temp_c=67 records=176 errors=0
THERMAL gpu_temp_c=67 records=176 errors=0
THERMAL gpu_temp_c=68 records=176 errors=0
THERMAL gpu_temp_c=68 records=176 errors=0
THERMAL gpu_temp_c=67 records=176 errors=0
THERMAL gpu_temp_c=68 records=176 errors=0
THERMAL gpu_temp_c=67 records=176 errors=0
THERMAL gpu_temp_c=68 records=176 errors=0
THERMAL gpu_temp_c=67 records=180 errors=0
THERMAL gpu_temp_c=66 records=180 errors=0
THERMAL gpu_temp_c=72 records=180 errors=0
THERMAL gpu_temp_c=67 records=180 errors=0
THERMAL gpu_temp_c=67 records=180 errors=0
THERMAL gpu_temp_c=68 records=180 errors=0
THERMAL gpu_temp_c=67 records=180 errors=0
THERMAL gpu_temp_c=68 records=180 errors=0
THERMAL gpu_temp_c=68 records=180 errors=0
THERMAL gpu_temp_c=68 records=180 errors=0
THERMAL gpu_temp_c=68 records=180 errors=0
THERMAL gpu_temp_c=68 records=180 errors=0
THERMAL gpu_temp_c=67 records=184 errors=0
THERMAL gpu_temp_c=66 records=184 errors=0
THERMAL gpu_temp_c=72 records=184 errors=0
THERMAL gpu_temp_c=68 records=184 errors=0
THERMAL gpu_temp_c=67 records=184 errors=0
THERMAL gpu_temp_c=68 records=184 errors=0
THERMAL gpu_temp_c=68 records=184 errors=0
THERMAL gpu_temp_c=68 records=184 errors=0
THERMAL gpu_temp_c=68 records=184 errors=0
THERMAL gpu_temp_c=68 records=184 errors=0
THERMAL gpu_temp_c=68 records=184 errors=0
THERMAL gpu_temp_c=67 records=188 errors=0
THERMAL gpu_temp_c=65 records=188 errors=0
THERMAL gpu_temp_c=71 records=188 errors=0
THERMAL gpu_temp_c=67 records=188 errors=0
THERMAL gpu_temp_c=68 records=188 errors=0
THERMAL gpu_temp_c=68 records=188 errors=0
THERMAL gpu_temp_c=68 records=188 errors=0
THERMAL gpu_temp_c=68 records=188 errors=0
THERMAL gpu_temp_c=68 records=188 errors=0
THERMAL gpu_temp_c=68 records=188 errors=0
THERMAL gpu_temp_c=68 records=188 errors=0
THERMAL gpu_temp_c=67 records=192 errors=0
THERMAL gpu_temp_c=66 records=192 errors=0
THERMAL gpu_temp_c=70 records=192 errors=0
THERMAL gpu_temp_c=67 records=192 errors=0
THERMAL gpu_temp_c=68 records=192 errors=0
THERMAL gpu_temp_c=68 records=192 errors=0
THERMAL gpu_temp_c=68 records=192 errors=0
THERMAL gpu_temp_c=68 records=192 errors=0
THERMAL gpu_temp_c=69 records=192 errors=0
THERMAL gpu_temp_c=68 records=192 errors=0
THERMAL gpu_temp_c=68 records=192 errors=0
THERMAL gpu_temp_c=67 records=196 errors=0
THERMAL gpu_temp_c=65 records=196 errors=0
THERMAL gpu_temp_c=71 records=196 errors=0
THERMAL gpu_temp_c=67 records=196 errors=0
THERMAL gpu_temp_c=68 records=196 errors=0
THERMAL gpu_temp_c=67 records=196 errors=0
THERMAL gpu_temp_c=68 records=196 errors=0
THERMAL gpu_temp_c=68 records=196 errors=0
THERMAL gpu_temp_c=68 records=196 errors=0
THERMAL gpu_temp_c=68 records=196 errors=0
THERMAL gpu_temp_c=69 records=196 errors=0
THERMAL gpu_temp_c=67 records=200 errors=0
THERMAL gpu_temp_c=65 records=200 errors=0
THERMAL gpu_temp_c=65 records=200 errors=0
THERMAL gpu_temp_c=68 records=200 errors=0
THERMAL gpu_temp_c=67 records=200 errors=0
THERMAL gpu_temp_c=67 records=200 errors=0
THERMAL gpu_temp_c=67 records=200 errors=0
THERMAL gpu_temp_c=67 records=200 errors=0
THERMAL gpu_temp_c=67 records=200 errors=0
THERMAL gpu_temp_c=68 records=200 errors=0
THERMAL gpu_temp_c=67 records=200 errors=0
THERMAL gpu_temp_c=67 records=204 errors=0
THERMAL gpu_temp_c=65 records=204 errors=0
THERMAL gpu_temp_c=64 records=204 errors=0
THERMAL gpu_temp_c=67 records=204 errors=0
THERMAL gpu_temp_c=66 records=204 errors=0
THERMAL gpu_temp_c=67 records=204 errors=0
THERMAL gpu_temp_c=68 records=204 errors=0
THERMAL gpu_temp_c=67 records=204 errors=0
THERMAL gpu_temp_c=68 records=204 errors=0
THERMAL gpu_temp_c=68 records=204 errors=0
THERMAL gpu_temp_c=68 records=204 errors=0
THERMAL gpu_temp_c=68 records=204 errors=0
THERMAL gpu_temp_c=67 records=208 errors=0
THERMAL gpu_temp_c=66 records=208 errors=0
THERMAL gpu_temp_c=73 records=208 errors=0
THERMAL gpu_temp_c=68 records=208 errors=0
THERMAL gpu_temp_c=68 records=208 errors=0
THERMAL gpu_temp_c=67 records=208 errors=0
THERMAL gpu_temp_c=68 records=208 errors=0
THERMAL gpu_temp_c=68 records=208 errors=0
THERMAL gpu_temp_c=68 records=208 errors=0
THERMAL gpu_temp_c=68 records=208 errors=0
THERMAL gpu_temp_c=68 records=208 errors=0
THERMAL gpu_temp_c=68 records=208 errors=0
THERMAL gpu_temp_c=67 records=212 errors=0
THERMAL gpu_temp_c=66 records=212 errors=0
THERMAL gpu_temp_c=71 records=212 errors=0
THERMAL gpu_temp_c=68 records=212 errors=0
THERMAL gpu_temp_c=67 records=212 errors=0
THERMAL gpu_temp_c=68 records=212 errors=0
THERMAL gpu_temp_c=68 records=212 errors=0
THERMAL gpu_temp_c=68 records=212 errors=0
THERMAL gpu_temp_c=68 records=212 errors=0
THERMAL gpu_temp_c=68 records=212 errors=0
THERMAL gpu_temp_c=68 records=212 errors=0
THERMAL gpu_temp_c=68 records=212 errors=0
THERMAL gpu_temp_c=67 records=216 errors=0
THERMAL gpu_temp_c=66 records=216 errors=0
THERMAL gpu_temp_c=71 records=216 errors=0
THERMAL gpu_temp_c=68 records=216 errors=0
THERMAL gpu_temp_c=67 records=216 errors=0
THERMAL gpu_temp_c=68 records=216 errors=0
THERMAL gpu_temp_c=68 records=216 errors=0
THERMAL gpu_temp_c=68 records=216 errors=0
THERMAL gpu_temp_c=68 records=216 errors=0
THERMAL gpu_temp_c=68 records=216 errors=0
THERMAL gpu_temp_c=68 records=216 errors=0
THERMAL gpu_temp_c=68 records=216 errors=0
THERMAL gpu_temp_c=67 records=220 errors=0
THERMAL gpu_temp_c=66 records=220 errors=0
THERMAL gpu_temp_c=70 records=220 errors=0
THERMAL gpu_temp_c=68 records=220 errors=0
THERMAL gpu_temp_c=68 records=220 errors=0
THERMAL gpu_temp_c=68 records=220 errors=0
THERMAL gpu_temp_c=68 records=220 errors=0
THERMAL gpu_temp_c=68 records=220 errors=0
THERMAL gpu_temp_c=68 records=220 errors=0
THERMAL gpu_temp_c=68 records=220 errors=0
THERMAL gpu_temp_c=68 records=220 errors=0
THERMAL gpu_temp_c=68 records=220 errors=0
THERMAL gpu_temp_c=68 records=224 errors=0
THERMAL gpu_temp_c=66 records=224 errors=0
THERMAL gpu_temp_c=72 records=224 errors=0
THERMAL gpu_temp_c=68 records=224 errors=0
THERMAL gpu_temp_c=68 records=224 errors=0
THERMAL gpu_temp_c=68 records=224 errors=0
THERMAL gpu_temp_c=68 records=224 errors=0
THERMAL gpu_temp_c=68 records=224 errors=0
THERMAL gpu_temp_c=68 records=224 errors=0
THERMAL gpu_temp_c=68 records=224 errors=0
THERMAL gpu_temp_c=68 records=224 errors=0
THERMAL gpu_temp_c=68 records=224 errors=0
THERMAL gpu_temp_c=66 records=228 errors=0
THERMAL gpu_temp_c=65 records=228 errors=0
THERMAL gpu_temp_c=69 records=228 errors=0
THERMAL gpu_temp_c=68 records=228 errors=0
THERMAL gpu_temp_c=68 records=228 errors=0
THERMAL gpu_temp_c=68 records=228 errors=0
THERMAL gpu_temp_c=68 records=228 errors=0
THERMAL gpu_temp_c=68 records=228 errors=0
THERMAL gpu_temp_c=68 records=228 errors=0
THERMAL gpu_temp_c=68 records=228 errors=0
THERMAL gpu_temp_c=68 records=228 errors=0
THERMAL gpu_temp_c=67 records=232 errors=0
THERMAL gpu_temp_c=65 records=232 errors=0
THERMAL gpu_temp_c=71 records=232 errors=0
THERMAL gpu_temp_c=68 records=232 errors=0
THERMAL gpu_temp_c=68 records=232 errors=0
THERMAL gpu_temp_c=68 records=232 errors=0
THERMAL gpu_temp_c=68 records=232 errors=0
THERMAL gpu_temp_c=68 records=232 errors=0
THERMAL gpu_temp_c=68 records=232 errors=0
THERMAL gpu_temp_c=69 records=232 errors=0
THERMAL gpu_temp_c=68 records=232 errors=0
THERMAL gpu_temp_c=67 records=236 errors=0
THERMAL gpu_temp_c=65 records=236 errors=0
THERMAL gpu_temp_c=71 records=236 errors=0
THERMAL gpu_temp_c=68 records=236 errors=0
THERMAL gpu_temp_c=68 records=236 errors=0
THERMAL gpu_temp_c=68 records=236 errors=0
THERMAL gpu_temp_c=68 records=236 errors=0
THERMAL gpu_temp_c=68 records=236 errors=0
THERMAL gpu_temp_c=68 records=236 errors=0
THERMAL gpu_temp_c=68 records=236 errors=0
THERMAL gpu_temp_c=68 records=236 errors=0
THERMAL gpu_temp_c=68 records=236 errors=0
THERMAL gpu_temp_c=67 records=240 errors=0
THERMAL gpu_temp_c=66 records=240 errors=0
THERMAL gpu_temp_c=70 records=240 errors=0
THERMAL gpu_temp_c=67 records=240 errors=0
THERMAL gpu_temp_c=67 records=240 errors=0
THERMAL gpu_temp_c=68 records=240 errors=0
THERMAL gpu_temp_c=68 records=240 errors=0
THERMAL gpu_temp_c=68 records=240 errors=0
THERMAL gpu_temp_c=69 records=240 errors=0
THERMAL gpu_temp_c=68 records=240 errors=0
THERMAL gpu_temp_c=68 records=240 errors=0
THERMAL gpu_temp_c=67 records=244 errors=0
THERMAL gpu_temp_c=65 records=244 errors=0
THERMAL gpu_temp_c=69 records=244 errors=0
THERMAL gpu_temp_c=68 records=244 errors=0
THERMAL gpu_temp_c=67 records=244 errors=0
THERMAL gpu_temp_c=68 records=244 errors=0
THERMAL gpu_temp_c=68 records=244 errors=0
THERMAL gpu_temp_c=68 records=244 errors=0
THERMAL gpu_temp_c=68 records=244 errors=0
THERMAL gpu_temp_c=68 records=244 errors=0
THERMAL gpu_temp_c=68 records=244 errors=0
THERMAL gpu_temp_c=67 records=248 errors=0
THERMAL gpu_temp_c=65 records=248 errors=0
THERMAL gpu_temp_c=69 records=248 errors=0
THERMAL gpu_temp_c=68 records=248 errors=0
THERMAL gpu_temp_c=68 records=248 errors=0
THERMAL gpu_temp_c=68 records=248 errors=0
THERMAL gpu_temp_c=68 records=248 errors=0
THERMAL gpu_temp_c=69 records=248 errors=0
THERMAL gpu_temp_c=68 records=248 errors=0
THERMAL gpu_temp_c=68 records=248 errors=0
THERMAL gpu_temp_c=69 records=248 errors=0
THERMAL gpu_temp_c=68 records=252 errors=0
THERMAL gpu_temp_c=66 records=252 errors=0
THERMAL gpu_temp_c=66 records=252 errors=0
THERMAL gpu_temp_c=69 records=252 errors=0
THERMAL gpu_temp_c=68 records=252 errors=0
THERMAL gpu_temp_c=68 records=252 errors=0
THERMAL gpu_temp_c=68 records=252 errors=0
THERMAL gpu_temp_c=69 records=252 errors=0
THERMAL gpu_temp_c=69 records=252 errors=0
THERMAL gpu_temp_c=68 records=252 errors=0
THERMAL gpu_temp_c=68 records=252 errors=0
THERMAL gpu_temp_c=68 records=252 errors=0
THERMAL gpu_temp_c=69 records=252 errors=0
THERMAL gpu_temp_c=67 records=256 errors=0
THERMAL gpu_temp_c=66 records=256 errors=0
THERMAL gpu_temp_c=69 records=256 errors=0
THERMAL gpu_temp_c=67 records=256 errors=0
THERMAL gpu_temp_c=69 records=256 errors=0
THERMAL gpu_temp_c=68 records=256 errors=0
THERMAL gpu_temp_c=69 records=256 errors=0
THERMAL gpu_temp_c=69 records=256 errors=0
THERMAL gpu_temp_c=68 records=256 errors=0
THERMAL gpu_temp_c=69 records=256 errors=0
THERMAL gpu_temp_c=69 records=256 errors=0
THERMAL gpu_temp_c=68 records=260 errors=0
THERMAL gpu_temp_c=66 records=260 errors=0
THERMAL gpu_temp_c=65 records=260 errors=0
THERMAL gpu_temp_c=67 records=260 errors=0
THERMAL gpu_temp_c=67 records=260 errors=0
THERMAL gpu_temp_c=67 records=260 errors=0
THERMAL gpu_temp_c=66 records=260 errors=0
THERMAL gpu_temp_c=66 records=260 errors=0
THERMAL gpu_temp_c=65 records=260 errors=0
THERMAL gpu_temp_c=65 records=260 errors=0
THERMAL gpu_temp_c=65 records=260 errors=0
THERMAL gpu_temp_c=65 records=260 errors=0
THERMAL gpu_temp_c=64 records=260 errors=0
THERMAL gpu_temp_c=64 records=264 errors=0
THERMAL gpu_temp_c=63 records=264 errors=0
THERMAL gpu_temp_c=67 records=264 errors=0
THERMAL gpu_temp_c=64 records=264 errors=0
THERMAL gpu_temp_c=64 records=264 errors=0
THERMAL gpu_temp_c=64 records=264 errors=0
THERMAL gpu_temp_c=64 records=264 errors=0
THERMAL gpu_temp_c=64 records=264 errors=0
THERMAL gpu_temp_c=64 records=264 errors=0
THERMAL gpu_temp_c=63 records=264 errors=0
THERMAL gpu_temp_c=64 records=264 errors=0
THERMAL gpu_temp_c=63 records=264 errors=0
THERMAL gpu_temp_c=63 records=264 errors=0
THERMAL gpu_temp_c=61 records=268 errors=0
THERMAL gpu_temp_c=60 records=268 errors=0
THERMAL gpu_temp_c=62 records=268 errors=0
THERMAL gpu_temp_c=62 records=268 errors=0
THERMAL gpu_temp_c=62 records=268 errors=0
THERMAL gpu_temp_c=63 records=268 errors=0
THERMAL gpu_temp_c=63 records=268 errors=0
THERMAL gpu_temp_c=63 records=268 errors=0
THERMAL gpu_temp_c=63 records=268 errors=0
THERMAL gpu_temp_c=63 records=268 errors=0
THERMAL gpu_temp_c=63 records=268 errors=0
THERMAL gpu_temp_c=62 records=272 errors=0
THERMAL gpu_temp_c=60 records=272 errors=0
THERMAL gpu_temp_c=65 records=272 errors=0
THERMAL gpu_temp_c=62 records=272 errors=0
THERMAL gpu_temp_c=62 records=272 errors=0
THERMAL gpu_temp_c=62 records=272 errors=0
THERMAL gpu_temp_c=62 records=272 errors=0
THERMAL gpu_temp_c=62 records=272 errors=0
THERMAL gpu_temp_c=62 records=272 errors=0
THERMAL gpu_temp_c=62 records=272 errors=0
THERMAL gpu_temp_c=62 records=272 errors=0
THERMAL gpu_temp_c=62 records=272 errors=0
THERMAL gpu_temp_c=61 records=276 errors=0
THERMAL gpu_temp_c=60 records=276 errors=0
THERMAL gpu_temp_c=62 records=276 errors=0
THERMAL gpu_temp_c=62 records=276 errors=0
THERMAL gpu_temp_c=62 records=276 errors=0
THERMAL gpu_temp_c=62 records=276 errors=0
THERMAL gpu_temp_c=62 records=276 errors=0
THERMAL gpu_temp_c=62 records=276 errors=0
THERMAL gpu_temp_c=62 records=276 errors=0
THERMAL gpu_temp_c=63 records=276 errors=0
THERMAL gpu_temp_c=62 records=276 errors=0
THERMAL gpu_temp_c=63 records=276 errors=0
THERMAL gpu_temp_c=61 records=280 errors=0
THERMAL gpu_temp_c=60 records=280 errors=0
THERMAL gpu_temp_c=64 records=280 errors=0
THERMAL gpu_temp_c=62 records=280 errors=0
THERMAL gpu_temp_c=62 records=280 errors=0
THERMAL gpu_temp_c=62 records=280 errors=0
THERMAL gpu_temp_c=62 records=280 errors=0
THERMAL gpu_temp_c=62 records=280 errors=0
THERMAL gpu_temp_c=63 records=280 errors=0
THERMAL gpu_temp_c=62 records=280 errors=0
THERMAL gpu_temp_c=62 records=280 errors=0
THERMAL gpu_temp_c=62 records=284 errors=0
THERMAL gpu_temp_c=60 records=284 errors=0
THERMAL gpu_temp_c=64 records=284 errors=0
THERMAL gpu_temp_c=61 records=284 errors=0
THERMAL gpu_temp_c=61 records=284 errors=0
THERMAL gpu_temp_c=62 records=284 errors=0
THERMAL gpu_temp_c=62 records=284 errors=0
THERMAL gpu_temp_c=62 records=284 errors=0
THERMAL gpu_temp_c=62 records=284 errors=0
THERMAL gpu_temp_c=62 records=284 errors=0
THERMAL gpu_temp_c=62 records=284 errors=0
THERMAL gpu_temp_c=62 records=284 errors=0
THERMAL gpu_temp_c=60 records=288 errors=0
THERMAL gpu_temp_c=59 records=288 errors=0
THERMAL gpu_temp_c=62 records=288 errors=0
THERMAL gpu_temp_c=61 records=288 errors=0
THERMAL gpu_temp_c=61 records=288 errors=0
THERMAL gpu_temp_c=62 records=288 errors=0
THERMAL gpu_temp_c=62 records=288 errors=0
THERMAL gpu_temp_c=62 records=288 errors=0
THERMAL gpu_temp_c=62 records=288 errors=0
THERMAL gpu_temp_c=62 records=288 errors=0
THERMAL gpu_temp_c=61 records=292 errors=0
THERMAL gpu_temp_c=59 records=292 errors=0
THERMAL gpu_temp_c=58 records=292 errors=0
THERMAL gpu_temp_c=61 records=292 errors=0
THERMAL gpu_temp_c=61 records=292 errors=0
THERMAL gpu_temp_c=61 records=292 errors=0
THERMAL gpu_temp_c=61 records=292 errors=0
THERMAL gpu_temp_c=62 records=292 errors=0
THERMAL gpu_temp_c=62 records=292 errors=0
THERMAL gpu_temp_c=62 records=292 errors=0
THERMAL gpu_temp_c=62 records=292 errors=0
THERMAL gpu_temp_c=62 records=292 errors=0
THERMAL gpu_temp_c=62 records=292 errors=0
THERMAL gpu_temp_c=60 records=296 errors=0
THERMAL gpu_temp_c=58 records=296 errors=0
THERMAL gpu_temp_c=61 records=296 errors=0
THERMAL gpu_temp_c=61 records=296 errors=0
THERMAL gpu_temp_c=62 records=296 errors=0
THERMAL gpu_temp_c=62 records=296 errors=0
THERMAL gpu_temp_c=61 records=296 errors=0
THERMAL gpu_temp_c=61 records=296 errors=0
THERMAL gpu_temp_c=62 records=296 errors=0
THERMAL gpu_temp_c=62 records=296 errors=0
THERMAL gpu_temp_c=62 records=300 errors=0
THERMAL gpu_temp_c=60 records=300 errors=0
THERMAL gpu_temp_c=65 records=300 errors=0
THERMAL gpu_temp_c=62 records=300 errors=0
THERMAL gpu_temp_c=63 records=300 errors=0
THERMAL gpu_temp_c=64 records=300 errors=0
THERMAL gpu_temp_c=64 records=300 errors=0
THERMAL gpu_temp_c=64 records=300 errors=0
THERMAL gpu_temp_c=65 records=300 errors=0
THERMAL gpu_temp_c=65 records=300 errors=0
THERMAL gpu_temp_c=65 records=300 errors=0
THERMAL gpu_temp_c=65 records=300 errors=0
THERMAL gpu_temp_c=64 records=304 errors=0
THERMAL gpu_temp_c=62 records=304 errors=0
THERMAL gpu_temp_c=65 records=304 errors=0
THERMAL gpu_temp_c=65 records=304 errors=0
THERMAL gpu_temp_c=66 records=304 errors=0
THERMAL gpu_temp_c=66 records=304 errors=0
THERMAL gpu_temp_c=66 records=304 errors=0
THERMAL gpu_temp_c=66 records=304 errors=0
THERMAL gpu_temp_c=66 records=304 errors=0
THERMAL gpu_temp_c=67 records=304 errors=0
THERMAL gpu_temp_c=66 records=304 errors=0
THERMAL gpu_temp_c=65 records=308 errors=0
THERMAL gpu_temp_c=63 records=308 errors=0
THERMAL gpu_temp_c=67 records=308 errors=0
THERMAL gpu_temp_c=66 records=308 errors=0
THERMAL gpu_temp_c=66 records=308 errors=0
THERMAL gpu_temp_c=66 records=308 errors=0
THERMAL gpu_temp_c=67 records=308 errors=0
THERMAL gpu_temp_c=67 records=308 errors=0
THERMAL gpu_temp_c=67 records=308 errors=0
THERMAL gpu_temp_c=67 records=308 errors=0
THERMAL gpu_temp_c=67 records=308 errors=0
THERMAL gpu_temp_c=67 records=308 errors=0
THERMAL gpu_temp_c=65 records=312 errors=0
THERMAL gpu_temp_c=64 records=312 errors=0
THERMAL gpu_temp_c=67 records=312 errors=0
THERMAL gpu_temp_c=66 records=312 errors=0
THERMAL gpu_temp_c=67 records=312 errors=0
THERMAL gpu_temp_c=67 records=312 errors=0
THERMAL gpu_temp_c=67 records=312 errors=0
THERMAL gpu_temp_c=68 records=312 errors=0
THERMAL gpu_temp_c=67 records=312 errors=0
THERMAL gpu_temp_c=67 records=312 errors=0
THERMAL gpu_temp_c=68 records=312 errors=0
THERMAL gpu_temp_c=66 records=316 errors=0
THERMAL gpu_temp_c=64 records=316 errors=0
THERMAL gpu_temp_c=67 records=316 errors=0
THERMAL gpu_temp_c=67 records=316 errors=0
THERMAL gpu_temp_c=67 records=316 errors=0
THERMAL gpu_temp_c=67 records=316 errors=0
THERMAL gpu_temp_c=67 records=316 errors=0
THERMAL gpu_temp_c=68 records=316 errors=0
THERMAL gpu_temp_c=67 records=316 errors=0
THERMAL gpu_temp_c=68 records=316 errors=0
THERMAL gpu_temp_c=68 records=316 errors=0
THERMAL gpu_temp_c=68 records=316 errors=0
THERMAL gpu_temp_c=67 records=320 errors=0
THERMAL gpu_temp_c=65 records=320 errors=0
THERMAL gpu_temp_c=70 records=320 errors=0
THERMAL gpu_temp_c=67 records=320 errors=0
THERMAL gpu_temp_c=67 records=320 errors=0
THERMAL gpu_temp_c=68 records=320 errors=0
THERMAL gpu_temp_c=68 records=320 errors=0
THERMAL gpu_temp_c=68 records=320 errors=0
THERMAL gpu_temp_c=68 records=320 errors=0
THERMAL gpu_temp_c=69 records=320 errors=0
THERMAL gpu_temp_c=68 records=320 errors=0
THERMAL gpu_temp_c=66 records=324 errors=0
THERMAL gpu_temp_c=64 records=324 errors=0
THERMAL gpu_temp_c=67 records=324 errors=0
THERMAL gpu_temp_c=67 records=324 errors=0
THERMAL gpu_temp_c=67 records=324 errors=0
THERMAL gpu_temp_c=67 records=324 errors=0
THERMAL gpu_temp_c=68 records=324 errors=0
THERMAL gpu_temp_c=68 records=324 errors=0
THERMAL gpu_temp_c=68 records=324 errors=0
THERMAL gpu_temp_c=68 records=324 errors=0
THERMAL gpu_temp_c=67 records=328 errors=0
THERMAL gpu_temp_c=65 records=328 errors=0
THERMAL gpu_temp_c=65 records=328 errors=0
THERMAL gpu_temp_c=67 records=328 errors=0
THERMAL gpu_temp_c=68 records=328 errors=0
THERMAL gpu_temp_c=68 records=328 errors=0
THERMAL gpu_temp_c=68 records=328 errors=0
THERMAL gpu_temp_c=67 records=328 errors=0
THERMAL gpu_temp_c=68 records=328 errors=0
THERMAL gpu_temp_c=68 records=328 errors=0
THERMAL gpu_temp_c=69 records=328 errors=0
THERMAL gpu_temp_c=67 records=332 errors=0
THERMAL gpu_temp_c=65 records=332 errors=0
THERMAL gpu_temp_c=69 records=332 errors=0
THERMAL gpu_temp_c=66 records=332 errors=0
THERMAL gpu_temp_c=67 records=332 errors=0
THERMAL gpu_temp_c=67 records=332 errors=0
THERMAL gpu_temp_c=67 records=332 errors=0
THERMAL gpu_temp_c=68 records=332 errors=0
THERMAL gpu_temp_c=67 records=332 errors=0
THERMAL gpu_temp_c=67 records=332 errors=0
THERMAL gpu_temp_c=67 records=332 errors=0
THERMAL gpu_temp_c=67 records=336 errors=0
THERMAL gpu_temp_c=65 records=336 errors=0
THERMAL gpu_temp_c=63 records=336 errors=0
THERMAL gpu_temp_c=66 records=336 errors=0
THERMAL gpu_temp_c=67 records=336 errors=0
THERMAL gpu_temp_c=67 records=336 errors=0
THERMAL gpu_temp_c=67 records=336 errors=0
THERMAL gpu_temp_c=68 records=336 errors=0
THERMAL gpu_temp_c=67 records=336 errors=0
THERMAL gpu_temp_c=68 records=336 errors=0
THERMAL gpu_temp_c=68 records=336 errors=0
THERMAL gpu_temp_c=67 records=340 errors=0
THERMAL gpu_temp_c=65 records=340 errors=0
THERMAL gpu_temp_c=70 records=340 errors=0
THERMAL gpu_temp_c=67 records=340 errors=0
THERMAL gpu_temp_c=68 records=340 errors=0
THERMAL gpu_temp_c=67 records=340 errors=0
THERMAL gpu_temp_c=67 records=340 errors=0
THERMAL gpu_temp_c=68 records=340 errors=0
THERMAL gpu_temp_c=68 records=340 errors=0
THERMAL gpu_temp_c=68 records=340 errors=0
THERMAL gpu_temp_c=68 records=340 errors=0
THERMAL gpu_temp_c=67 records=344 errors=0
THERMAL gpu_temp_c=65 records=344 errors=0
THERMAL gpu_temp_c=70 records=344 errors=0
THERMAL gpu_temp_c=67 records=344 errors=0
THERMAL gpu_temp_c=67 records=344 errors=0
THERMAL gpu_temp_c=68 records=344 errors=0
THERMAL gpu_temp_c=68 records=344 errors=0
THERMAL gpu_temp_c=68 records=344 errors=0
THERMAL gpu_temp_c=68 records=344 errors=0
THERMAL gpu_temp_c=68 records=344 errors=0
THERMAL gpu_temp_c=68 records=344 errors=0
THERMAL gpu_temp_c=67 records=348 errors=0
THERMAL gpu_temp_c=65 records=348 errors=0
THERMAL gpu_temp_c=70 records=348 errors=0
THERMAL gpu_temp_c=67 records=348 errors=0
THERMAL gpu_temp_c=67 records=348 errors=0
THERMAL gpu_temp_c=67 records=348 errors=0
THERMAL gpu_temp_c=68 records=348 errors=0
THERMAL gpu_temp_c=68 records=348 errors=0
THERMAL gpu_temp_c=68 records=348 errors=0
THERMAL gpu_temp_c=68 records=348 errors=0
THERMAL gpu_temp_c=69 records=348 errors=0
THERMAL gpu_temp_c=66 records=352 errors=0
THERMAL gpu_temp_c=65 records=352 errors=0
THERMAL gpu_temp_c=69 records=352 errors=0
THERMAL gpu_temp_c=67 records=352 errors=0
THERMAL gpu_temp_c=68 records=352 errors=0
THERMAL gpu_temp_c=68 records=352 errors=0
THERMAL gpu_temp_c=68 records=352 errors=0
THERMAL gpu_temp_c=68 records=352 errors=0
THERMAL gpu_temp_c=69 records=352 errors=0
THERMAL gpu_temp_c=69 records=352 errors=0
THERMAL gpu_temp_c=68 records=356 errors=0
THERMAL gpu_temp_c=66 records=356 errors=0
THERMAL gpu_temp_c=65 records=356 errors=0
THERMAL gpu_temp_c=67 records=356 errors=0
THERMAL gpu_temp_c=68 records=356 errors=0
THERMAL gpu_temp_c=68 records=356 errors=0
THERMAL gpu_temp_c=68 records=356 errors=0
THERMAL gpu_temp_c=68 records=356 errors=0
THERMAL gpu_temp_c=68 records=356 errors=0
THERMAL gpu_temp_c=68 records=356 errors=0
THERMAL gpu_temp_c=69 records=356 errors=0
THERMAL gpu_temp_c=68 records=356 errors=0
THERMAL gpu_temp_c=66 records=360 errors=0
THERMAL gpu_temp_c=65 records=360 errors=0
THERMAL gpu_temp_c=68 records=360 errors=0
THERMAL gpu_temp_c=67 records=360 errors=0
THERMAL gpu_temp_c=68 records=360 errors=0
THERMAL gpu_temp_c=68 records=360 errors=0
THERMAL gpu_temp_c=68 records=360 errors=0
THERMAL gpu_temp_c=69 records=360 errors=0
THERMAL gpu_temp_c=69 records=360 errors=0
THERMAL gpu_temp_c=68 records=360 errors=0
THERMAL gpu_temp_c=68 records=364 errors=0
THERMAL gpu_temp_c=66 records=364 errors=0
THERMAL gpu_temp_c=71 records=364 errors=0
THERMAL gpu_temp_c=68 records=364 errors=0
THERMAL gpu_temp_c=68 records=364 errors=0
THERMAL gpu_temp_c=68 records=364 errors=0
THERMAL gpu_temp_c=69 records=364 errors=0
THERMAL gpu_temp_c=68 records=364 errors=0
THERMAL gpu_temp_c=68 records=364 errors=0
THERMAL gpu_temp_c=69 records=364 errors=0
THERMAL gpu_temp_c=68 records=364 errors=0
THERMAL gpu_temp_c=67 records=368 errors=0
THERMAL gpu_temp_c=66 records=368 errors=0
THERMAL gpu_temp_c=70 records=368 errors=0
THERMAL gpu_temp_c=67 records=368 errors=0
THERMAL gpu_temp_c=68 records=368 errors=0
THERMAL gpu_temp_c=68 records=368 errors=0
THERMAL gpu_temp_c=68 records=368 errors=0
THERMAL gpu_temp_c=68 records=368 errors=0
THERMAL gpu_temp_c=68 records=368 errors=0
THERMAL gpu_temp_c=68 records=368 errors=0
THERMAL gpu_temp_c=68 records=368 errors=0
THERMAL gpu_temp_c=67 records=372 errors=0
THERMAL gpu_temp_c=65 records=372 errors=0
THERMAL gpu_temp_c=70 records=372 errors=0
THERMAL gpu_temp_c=67 records=372 errors=0
THERMAL gpu_temp_c=68 records=372 errors=0
THERMAL gpu_temp_c=68 records=372 errors=0
THERMAL gpu_temp_c=68 records=372 errors=0
THERMAL gpu_temp_c=68 records=372 errors=0
THERMAL gpu_temp_c=69 records=372 errors=0
THERMAL gpu_temp_c=69 records=372 errors=0
THERMAL gpu_temp_c=69 records=372 errors=0
THERMAL gpu_temp_c=68 records=376 errors=0
THERMAL gpu_temp_c=66 records=376 errors=0
THERMAL gpu_temp_c=64 records=376 errors=0
THERMAL gpu_temp_c=67 records=376 errors=0
THERMAL gpu_temp_c=67 records=376 errors=0
THERMAL gpu_temp_c=68 records=376 errors=0
THERMAL gpu_temp_c=69 records=376 errors=0
THERMAL gpu_temp_c=68 records=376 errors=0
THERMAL gpu_temp_c=68 records=376 errors=0
THERMAL gpu_temp_c=68 records=376 errors=0
THERMAL gpu_temp_c=68 records=376 errors=0
THERMAL gpu_temp_c=68 records=380 errors=0
THERMAL gpu_temp_c=66 records=380 errors=0
THERMAL gpu_temp_c=64 records=380 errors=0
THERMAL gpu_temp_c=68 records=380 errors=0
THERMAL gpu_temp_c=68 records=380 errors=0
THERMAL gpu_temp_c=68 records=380 errors=0
THERMAL gpu_temp_c=69 records=380 errors=0
THERMAL gpu_temp_c=68 records=380 errors=0
THERMAL gpu_temp_c=69 records=380 errors=0
THERMAL gpu_temp_c=69 records=380 errors=0
THERMAL gpu_temp_c=69 records=380 errors=0
THERMAL gpu_temp_c=68 records=384 errors=0
THERMAL gpu_temp_c=66 records=384 errors=0
THERMAL gpu_temp_c=70 records=384 errors=0
THERMAL gpu_temp_c=67 records=384 errors=0
THERMAL gpu_temp_c=68 records=384 errors=0
THERMAL gpu_temp_c=68 records=384 errors=0
THERMAL gpu_temp_c=69 records=384 errors=0
THERMAL gpu_temp_c=68 records=384 errors=0
THERMAL gpu_temp_c=69 records=384 errors=0
THERMAL gpu_temp_c=68 records=384 errors=0
THERMAL gpu_temp_c=69 records=384 errors=0
THERMAL gpu_temp_c=68 records=388 errors=0
THERMAL gpu_temp_c=65 records=388 errors=0
THERMAL gpu_temp_c=71 records=388 errors=0
THERMAL gpu_temp_c=68 records=388 errors=0
THERMAL gpu_temp_c=68 records=388 errors=0
THERMAL gpu_temp_c=69 records=388 errors=0
THERMAL gpu_temp_c=68 records=388 errors=0
THERMAL gpu_temp_c=69 records=388 errors=0
THERMAL gpu_temp_c=68 records=388 errors=0
THERMAL gpu_temp_c=68 records=388 errors=0
THERMAL gpu_temp_c=69 records=388 errors=0
THERMAL gpu_temp_c=68 records=392 errors=0
THERMAL gpu_temp_c=67 records=392 errors=0
THERMAL gpu_temp_c=66 records=392 errors=0
THERMAL gpu_temp_c=69 records=392 errors=0
THERMAL gpu_temp_c=68 records=392 errors=0
THERMAL gpu_temp_c=68 records=392 errors=0
THERMAL gpu_temp_c=69 records=392 errors=0
THERMAL gpu_temp_c=68 records=392 errors=0
THERMAL gpu_temp_c=68 records=392 errors=0
THERMAL gpu_temp_c=68 records=392 errors=0
THERMAL gpu_temp_c=68 records=396 errors=0
THERMAL gpu_temp_c=66 records=396 errors=0
THERMAL gpu_temp_c=64 records=396 errors=0
THERMAL gpu_temp_c=68 records=396 errors=0
THERMAL gpu_temp_c=68 records=396 errors=0
THERMAL gpu_temp_c=68 records=396 errors=0
THERMAL gpu_temp_c=68 records=396 errors=0
THERMAL gpu_temp_c=68 records=396 errors=0
THERMAL gpu_temp_c=69 records=396 errors=0
THERMAL gpu_temp_c=68 records=396 errors=0
THERMAL gpu_temp_c=69 records=396 errors=0
THERMAL gpu_temp_c=68 records=400 errors=0
THERMAL gpu_temp_c=66 records=400 errors=0
THERMAL gpu_temp_c=65 records=400 errors=0
THERMAL gpu_temp_c=68 records=400 errors=0
THERMAL gpu_temp_c=68 records=400 errors=0
THERMAL gpu_temp_c=68 records=400 errors=0
THERMAL gpu_temp_c=68 records=400 errors=0
THERMAL gpu_temp_c=69 records=400 errors=0
THERMAL gpu_temp_c=69 records=400 errors=0
THERMAL gpu_temp_c=69 records=400 errors=0
THERMAL gpu_temp_c=69 records=400 errors=0
THERMAL gpu_temp_c=68 records=404 errors=0
THERMAL gpu_temp_c=66 records=404 errors=0
THERMAL gpu_temp_c=73 records=404 errors=0
THERMAL gpu_temp_c=67 records=404 errors=0
THERMAL gpu_temp_c=68 records=404 errors=0
THERMAL gpu_temp_c=68 records=404 errors=0
THERMAL gpu_temp_c=68 records=404 errors=0
THERMAL gpu_temp_c=68 records=404 errors=0
THERMAL gpu_temp_c=69 records=404 errors=0
THERMAL gpu_temp_c=68 records=404 errors=0
THERMAL gpu_temp_c=68 records=404 errors=0
THERMAL gpu_temp_c=69 records=404 errors=0
THERMAL gpu_temp_c=67 records=408 errors=0
THERMAL gpu_temp_c=65 records=408 errors=0
THERMAL gpu_temp_c=68 records=408 errors=0
THERMAL gpu_temp_c=68 records=408 errors=0
THERMAL gpu_temp_c=68 records=408 errors=0
THERMAL gpu_temp_c=68 records=408 errors=0
THERMAL gpu_temp_c=68 records=408 errors=0
THERMAL gpu_temp_c=69 records=408 errors=0
THERMAL gpu_temp_c=69 records=408 errors=0
THERMAL gpu_temp_c=68 records=408 errors=0
THERMAL gpu_temp_c=69 records=408 errors=0
THERMAL gpu_temp_c=67 records=412 errors=0
THERMAL gpu_temp_c=66 records=412 errors=0
THERMAL gpu_temp_c=70 records=412 errors=0
THERMAL gpu_temp_c=68 records=412 errors=0
THERMAL gpu_temp_c=68 records=412 errors=0
THERMAL gpu_temp_c=68 records=412 errors=0
THERMAL gpu_temp_c=68 records=412 errors=0
THERMAL gpu_temp_c=69 records=412 errors=0
THERMAL gpu_temp_c=68 records=412 errors=0
THERMAL gpu_temp_c=68 records=412 errors=0
THERMAL gpu_temp_c=68 records=412 errors=0
THERMAL gpu_temp_c=69 records=412 errors=0
THERMAL gpu_temp_c=67 records=416 errors=0
THERMAL gpu_temp_c=66 records=416 errors=0
THERMAL gpu_temp_c=73 records=416 errors=0
THERMAL gpu_temp_c=67 records=416 errors=0
THERMAL gpu_temp_c=68 records=416 errors=0
THERMAL gpu_temp_c=68 records=416 errors=0
THERMAL gpu_temp_c=68 records=416 errors=0
THERMAL gpu_temp_c=68 records=416 errors=0
THERMAL gpu_temp_c=69 records=416 errors=0
THERMAL gpu_temp_c=68 records=416 errors=0
THERMAL gpu_temp_c=69 records=416 errors=0
THERMAL gpu_temp_c=69 records=416 errors=0
THERMAL gpu_temp_c=67 records=420 errors=0
THERMAL gpu_temp_c=66 records=420 errors=0
THERMAL gpu_temp_c=72 records=420 errors=0
THERMAL gpu_temp_c=68 records=420 errors=0
THERMAL gpu_temp_c=69 records=420 errors=0
THERMAL gpu_temp_c=68 records=420 errors=0
THERMAL gpu_temp_c=68 records=420 errors=0
THERMAL gpu_temp_c=68 records=420 errors=0
THERMAL gpu_temp_c=68 records=420 errors=0
THERMAL gpu_temp_c=68 records=420 errors=0
THERMAL gpu_temp_c=68 records=420 errors=0
THERMAL gpu_temp_c=68 records=424 errors=0
THERMAL gpu_temp_c=66 records=424 errors=0
THERMAL gpu_temp_c=65 records=424 errors=0
THERMAL gpu_temp_c=68 records=424 errors=0
THERMAL gpu_temp_c=68 records=424 errors=0
THERMAL gpu_temp_c=68 records=424 errors=0
THERMAL gpu_temp_c=68 records=424 errors=0
THERMAL gpu_temp_c=69 records=424 errors=0
THERMAL gpu_temp_c=69 records=424 errors=0
THERMAL gpu_temp_c=68 records=424 errors=0
THERMAL gpu_temp_c=69 records=424 errors=0
THERMAL gpu_temp_c=69 records=424 errors=0
THERMAL gpu_temp_c=67 records=428 errors=0
THERMAL gpu_temp_c=65 records=428 errors=0
THERMAL gpu_temp_c=65 records=428 errors=0
THERMAL gpu_temp_c=68 records=428 errors=0
THERMAL gpu_temp_c=67 records=428 errors=0
THERMAL gpu_temp_c=68 records=428 errors=0
THERMAL gpu_temp_c=68 records=428 errors=0
THERMAL gpu_temp_c=69 records=428 errors=0
THERMAL gpu_temp_c=68 records=428 errors=0
THERMAL gpu_temp_c=68 records=428 errors=0
THERMAL gpu_temp_c=69 records=428 errors=0
THERMAL gpu_temp_c=68 records=432 errors=0
THERMAL gpu_temp_c=66 records=432 errors=0
THERMAL gpu_temp_c=65 records=432 errors=0
THERMAL gpu_temp_c=68 records=432 errors=0
THERMAL gpu_temp_c=68 records=432 errors=0
THERMAL gpu_temp_c=68 records=432 errors=0
THERMAL gpu_temp_c=68 records=432 errors=0
THERMAL gpu_temp_c=68 records=432 errors=0
THERMAL gpu_temp_c=69 records=432 errors=0
THERMAL gpu_temp_c=69 records=432 errors=0
THERMAL gpu_temp_c=69 records=432 errors=0
THERMAL gpu_temp_c=69 records=432 errors=0
THERMAL gpu_temp_c=67 records=436 errors=0
THERMAL gpu_temp_c=65 records=436 errors=0
THERMAL gpu_temp_c=68 records=436 errors=0
THERMAL gpu_temp_c=68 records=436 errors=0
THERMAL gpu_temp_c=68 records=436 errors=0
THERMAL gpu_temp_c=68 records=436 errors=0
THERMAL gpu_temp_c=69 records=436 errors=0
THERMAL gpu_temp_c=69 records=436 errors=0
THERMAL gpu_temp_c=69 records=436 errors=0
THERMAL gpu_temp_c=69 records=436 errors=0
THERMAL gpu_temp_c=69 records=436 errors=0
THERMAL gpu_temp_c=67 records=440 errors=0
THERMAL gpu_temp_c=65 records=440 errors=0
THERMAL gpu_temp_c=69 records=440 errors=0
THERMAL gpu_temp_c=68 records=440 errors=0
THERMAL gpu_temp_c=68 records=440 errors=0
THERMAL gpu_temp_c=69 records=440 errors=0
THERMAL gpu_temp_c=68 records=440 errors=0
THERMAL gpu_temp_c=68 records=440 errors=0
THERMAL gpu_temp_c=69 records=440 errors=0
THERMAL gpu_temp_c=68 records=440 errors=0
THERMAL gpu_temp_c=69 records=444 errors=0
THERMAL gpu_temp_c=66 records=444 errors=0
THERMAL gpu_temp_c=65 records=444 errors=0
THERMAL gpu_temp_c=68 records=444 errors=0
THERMAL gpu_temp_c=68 records=444 errors=0
THERMAL gpu_temp_c=68 records=444 errors=0
THERMAL gpu_temp_c=68 records=444 errors=0
THERMAL gpu_temp_c=68 records=444 errors=0
THERMAL gpu_temp_c=68 records=444 errors=0
THERMAL gpu_temp_c=69 records=444 errors=0
THERMAL gpu_temp_c=68 records=444 errors=0
THERMAL gpu_temp_c=69 records=444 errors=0
THERMAL gpu_temp_c=68 records=444 errors=0
THERMAL gpu_temp_c=67 records=448 errors=0
THERMAL gpu_temp_c=66 records=448 errors=0
THERMAL gpu_temp_c=70 records=448 errors=0
THERMAL gpu_temp_c=68 records=448 errors=0
THERMAL gpu_temp_c=68 records=448 errors=0
THERMAL gpu_temp_c=69 records=448 errors=0
THERMAL gpu_temp_c=69 records=448 errors=0
THERMAL gpu_temp_c=68 records=448 errors=0
THERMAL gpu_temp_c=69 records=448 errors=0
THERMAL gpu_temp_c=69 records=448 errors=0
THERMAL gpu_temp_c=69 records=448 errors=0
THERMAL gpu_temp_c=68 records=452 errors=0
THERMAL gpu_temp_c=66 records=452 errors=0
THERMAL gpu_temp_c=66 records=452 errors=0
THERMAL gpu_temp_c=68 records=452 errors=0
THERMAL gpu_temp_c=68 records=452 errors=0
THERMAL gpu_temp_c=68 records=452 errors=0
THERMAL gpu_temp_c=68 records=452 errors=0
THERMAL gpu_temp_c=68 records=452 errors=0
THERMAL gpu_temp_c=68 records=452 errors=0
THERMAL gpu_temp_c=68 records=452 errors=0
THERMAL gpu_temp_c=68 records=452 errors=0
THERMAL gpu_temp_c=68 records=452 errors=0
THERMAL gpu_temp_c=66 records=456 errors=0
THERMAL gpu_temp_c=65 records=456 errors=0
THERMAL gpu_temp_c=69 records=456 errors=0
THERMAL gpu_temp_c=67 records=456 errors=0
THERMAL gpu_temp_c=68 records=456 errors=0
THERMAL gpu_temp_c=68 records=456 errors=0
THERMAL gpu_temp_c=68 records=456 errors=0
THERMAL gpu_temp_c=68 records=456 errors=0
THERMAL gpu_temp_c=68 records=456 errors=0
THERMAL gpu_temp_c=68 records=456 errors=0
THERMAL gpu_temp_c=69 records=456 errors=0
THERMAL gpu_temp_c=68 records=460 errors=0
THERMAL gpu_temp_c=66 records=460 errors=0
THERMAL gpu_temp_c=65 records=460 errors=0
THERMAL gpu_temp_c=68 records=460 errors=0
THERMAL gpu_temp_c=68 records=460 errors=0
THERMAL gpu_temp_c=68 records=460 errors=0
THERMAL gpu_temp_c=68 records=460 errors=0
THERMAL gpu_temp_c=68 records=460 errors=0
THERMAL gpu_temp_c=69 records=460 errors=0
THERMAL gpu_temp_c=69 records=460 errors=0
THERMAL gpu_temp_c=69 records=460 errors=0
THERMAL gpu_temp_c=67 records=464 errors=0
THERMAL gpu_temp_c=66 records=464 errors=0
THERMAL gpu_temp_c=72 records=464 errors=0
THERMAL gpu_temp_c=68 records=464 errors=0
THERMAL gpu_temp_c=68 records=464 errors=0
THERMAL gpu_temp_c=67 records=464 errors=0
THERMAL gpu_temp_c=68 records=464 errors=0
THERMAL gpu_temp_c=68 records=464 errors=0
THERMAL gpu_temp_c=68 records=464 errors=0
THERMAL gpu_temp_c=68 records=464 errors=0
THERMAL gpu_temp_c=68 records=464 errors=0
THERMAL gpu_temp_c=68 records=468 errors=0
THERMAL gpu_temp_c=66 records=468 errors=0
THERMAL gpu_temp_c=65 records=468 errors=0
THERMAL gpu_temp_c=68 records=468 errors=0
THERMAL gpu_temp_c=68 records=468 errors=0
THERMAL gpu_temp_c=68 records=468 errors=0
THERMAL gpu_temp_c=69 records=468 errors=0
THERMAL gpu_temp_c=69 records=468 errors=0
THERMAL gpu_temp_c=69 records=468 errors=0
THERMAL gpu_temp_c=68 records=468 errors=0
THERMAL gpu_temp_c=68 records=468 errors=0
THERMAL gpu_temp_c=66 records=472 errors=0
THERMAL gpu_temp_c=64 records=472 errors=0
THERMAL gpu_temp_c=68 records=472 errors=0
THERMAL gpu_temp_c=68 records=472 errors=0
THERMAL gpu_temp_c=68 records=472 errors=0
THERMAL gpu_temp_c=68 records=472 errors=0
THERMAL gpu_temp_c=68 records=472 errors=0
THERMAL gpu_temp_c=68 records=472 errors=0
THERMAL gpu_temp_c=69 records=472 errors=0
THERMAL gpu_temp_c=68 records=472 errors=0
THERMAL gpu_temp_c=68 records=476 errors=0
THERMAL gpu_temp_c=65 records=476 errors=0
THERMAL gpu_temp_c=70 records=476 errors=0
THERMAL gpu_temp_c=67 records=476 errors=0
THERMAL gpu_temp_c=68 records=476 errors=0
THERMAL gpu_temp_c=68 records=476 errors=0
THERMAL gpu_temp_c=68 records=476 errors=0
THERMAL gpu_temp_c=68 records=476 errors=0
THERMAL gpu_temp_c=69 records=476 errors=0
THERMAL gpu_temp_c=69 records=476 errors=0
THERMAL gpu_temp_c=69 records=476 errors=0
THERMAL gpu_temp_c=67 records=480 errors=0
THERMAL gpu_temp_c=65 records=480 errors=0
THERMAL gpu_temp_c=68 records=480 errors=0
THERMAL gpu_temp_c=68 records=480 errors=0
THERMAL gpu_temp_c=68 records=480 errors=0
THERMAL gpu_temp_c=68 records=480 errors=0
THERMAL gpu_temp_c=68 records=480 errors=0
THERMAL gpu_temp_c=68 records=480 errors=0
THERMAL gpu_temp_c=68 records=480 errors=0
THERMAL gpu_temp_c=69 records=480 errors=0
THERMAL gpu_temp_c=68 records=480 errors=0
THERMAL gpu_temp_c=68 records=484 errors=0
THERMAL gpu_temp_c=66 records=484 errors=0
THERMAL gpu_temp_c=71 records=484 errors=0
THERMAL gpu_temp_c=68 records=484 errors=0
THERMAL gpu_temp_c=68 records=484 errors=0
THERMAL gpu_temp_c=68 records=484 errors=0
THERMAL gpu_temp_c=68 records=484 errors=0
THERMAL gpu_temp_c=68 records=484 errors=0
THERMAL gpu_temp_c=69 records=484 errors=0
THERMAL gpu_temp_c=69 records=484 errors=0
THERMAL gpu_temp_c=68 records=484 errors=0
THERMAL gpu_temp_c=67 records=488 errors=0
THERMAL gpu_temp_c=66 records=488 errors=0
THERMAL gpu_temp_c=69 records=488 errors=0
THERMAL gpu_temp_c=68 records=488 errors=0
THERMAL gpu_temp_c=69 records=488 errors=0
THERMAL gpu_temp_c=68 records=488 errors=0
THERMAL gpu_temp_c=69 records=488 errors=0
THERMAL gpu_temp_c=68 records=488 errors=0
THERMAL gpu_temp_c=68 records=488 errors=0
THERMAL gpu_temp_c=68 records=488 errors=0
THERMAL gpu_temp_c=69 records=488 errors=0
THERMAL gpu_temp_c=68 records=492 errors=0
THERMAL gpu_temp_c=66 records=492 errors=0
THERMAL gpu_temp_c=66 records=492 errors=0
THERMAL gpu_temp_c=69 records=492 errors=0
THERMAL gpu_temp_c=68 records=492 errors=0
THERMAL gpu_temp_c=69 records=492 errors=0
THERMAL gpu_temp_c=68 records=492 errors=0
THERMAL gpu_temp_c=68 records=492 errors=0
THERMAL gpu_temp_c=68 records=492 errors=0
THERMAL gpu_temp_c=68 records=492 errors=0
THERMAL gpu_temp_c=68 records=492 errors=0
THERMAL gpu_temp_c=68 records=492 errors=0
THERMAL gpu_temp_c=66 records=496 errors=0
THERMAL gpu_temp_c=65 records=496 errors=0
THERMAL gpu_temp_c=68 records=496 errors=0
THERMAL gpu_temp_c=68 records=496 errors=0
THERMAL gpu_temp_c=69 records=496 errors=0
THERMAL gpu_temp_c=68 records=496 errors=0
THERMAL gpu_temp_c=68 records=496 errors=0
THERMAL gpu_temp_c=68 records=496 errors=0
THERMAL gpu_temp_c=68 records=496 errors=0
THERMAL gpu_temp_c=68 records=496 errors=0
THERMAL gpu_temp_c=68 records=496 errors=0
THERMAL gpu_temp_c=67 records=500 errors=0
THERMAL gpu_temp_c=66 records=500 errors=0
THERMAL gpu_temp_c=71 records=500 errors=0
THERMAL gpu_temp_c=68 records=500 errors=0
THERMAL gpu_temp_c=68 records=500 errors=0
THERMAL gpu_temp_c=68 records=500 errors=0
THERMAL gpu_temp_c=68 records=500 errors=0
THERMAL gpu_temp_c=68 records=500 errors=0
THERMAL gpu_temp_c=68 records=500 errors=0
THERMAL gpu_temp_c=68 records=500 errors=0
THERMAL gpu_temp_c=68 records=500 errors=0
THERMAL gpu_temp_c=68 records=500 errors=0
THERMAL gpu_temp_c=66 records=504 errors=0
THERMAL gpu_temp_c=65 records=504 errors=0
THERMAL gpu_temp_c=68 records=504 errors=0
THERMAL gpu_temp_c=68 records=504 errors=0
THERMAL gpu_temp_c=69 records=504 errors=0
THERMAL gpu_temp_c=68 records=504 errors=0
THERMAL gpu_temp_c=69 records=504 errors=0
THERMAL gpu_temp_c=68 records=504 errors=0
THERMAL gpu_temp_c=68 records=504 errors=0
THERMAL gpu_temp_c=68 records=504 errors=0
THERMAL gpu_temp_c=68 records=504 errors=0
THERMAL gpu_temp_c=67 records=508 errors=0
THERMAL gpu_temp_c=65 records=508 errors=0
THERMAL gpu_temp_c=70 records=508 errors=0
THERMAL gpu_temp_c=68 records=508 errors=0
THERMAL gpu_temp_c=68 records=508 errors=0
THERMAL gpu_temp_c=68 records=508 errors=0
THERMAL gpu_temp_c=68 records=508 errors=0
THERMAL gpu_temp_c=68 records=508 errors=0
THERMAL gpu_temp_c=68 records=508 errors=0
THERMAL gpu_temp_c=68 records=508 errors=0
THERMAL gpu_temp_c=69 records=508 errors=0
THERMAL gpu_temp_c=67 records=512 errors=0
THERMAL gpu_temp_c=65 records=512 errors=0
THERMAL gpu_temp_c=68 records=512 errors=0
THERMAL gpu_temp_c=68 records=512 errors=0
THERMAL gpu_temp_c=68 records=512 errors=0
THERMAL gpu_temp_c=68 records=512 errors=0
THERMAL gpu_temp_c=68 records=512 errors=0
THERMAL gpu_temp_c=69 records=512 errors=0
THERMAL gpu_temp_c=68 records=512 errors=0
THERMAL gpu_temp_c=69 records=512 errors=0
THERMAL gpu_temp_c=69 records=512 errors=0
THERMAL gpu_temp_c=67 records=516 errors=0
THERMAL gpu_temp_c=65 records=516 errors=0
THERMAL gpu_temp_c=68 records=516 errors=0
THERMAL gpu_temp_c=68 records=516 errors=0
THERMAL gpu_temp_c=68 records=516 errors=0
THERMAL gpu_temp_c=68 records=516 errors=0
THERMAL gpu_temp_c=68 records=516 errors=0
THERMAL gpu_temp_c=68 records=516 errors=0
THERMAL gpu_temp_c=69 records=516 errors=0
THERMAL gpu_temp_c=69 records=516 errors=0
THERMAL gpu_temp_c=68 records=516 errors=0
THERMAL gpu_temp_c=67 records=520 errors=0
THERMAL gpu_temp_c=65 records=520 errors=0
THERMAL gpu_temp_c=68 records=520 errors=0
THERMAL gpu_temp_c=68 records=520 errors=0
THERMAL gpu_temp_c=68 records=520 errors=0
THERMAL gpu_temp_c=69 records=520 errors=0
THERMAL gpu_temp_c=69 records=520 errors=0
THERMAL gpu_temp_c=68 records=520 errors=0
THERMAL gpu_temp_c=68 records=520 errors=0
THERMAL gpu_temp_c=68 records=520 errors=0
THERMAL gpu_temp_c=68 records=524 errors=0
THERMAL gpu_temp_c=66 records=524 errors=0
THERMAL gpu_temp_c=72 records=524 errors=0
THERMAL gpu_temp_c=68 records=524 errors=0
THERMAL gpu_temp_c=68 records=524 errors=0
THERMAL gpu_temp_c=69 records=524 errors=0
THERMAL gpu_temp_c=68 records=524 errors=0
THERMAL gpu_temp_c=69 records=524 errors=0
THERMAL gpu_temp_c=68 records=524 errors=0
THERMAL gpu_temp_c=69 records=524 errors=0
THERMAL gpu_temp_c=69 records=524 errors=0
THERMAL gpu_temp_c=69 records=524 errors=0
THERMAL gpu_temp_c=68 records=528 errors=0
THERMAL gpu_temp_c=67 records=528 errors=0
THERMAL gpu_temp_c=66 records=528 errors=0
THERMAL gpu_temp_c=68 records=528 errors=0
THERMAL gpu_temp_c=68 records=528 errors=0
THERMAL gpu_temp_c=68 records=528 errors=0
THERMAL gpu_temp_c=69 records=528 errors=0
THERMAL gpu_temp_c=69 records=528 errors=0
THERMAL gpu_temp_c=68 records=528 errors=0
THERMAL gpu_temp_c=69 records=528 errors=0
THERMAL gpu_temp_c=68 records=528 errors=0
THERMAL gpu_temp_c=68 records=528 errors=0
THERMAL gpu_temp_c=68 records=532 errors=0
THERMAL gpu_temp_c=66 records=532 errors=0
THERMAL gpu_temp_c=66 records=532 errors=0
THERMAL gpu_temp_c=68 records=532 errors=0
THERMAL gpu_temp_c=68 records=532 errors=0
THERMAL gpu_temp_c=68 records=532 errors=0
THERMAL gpu_temp_c=68 records=532 errors=0
THERMAL gpu_temp_c=68 records=532 errors=0
THERMAL gpu_temp_c=68 records=532 errors=0
THERMAL gpu_temp_c=68 records=532 errors=0
THERMAL gpu_temp_c=69 records=532 errors=0
THERMAL gpu_temp_c=69 records=536 errors=0
THERMAL gpu_temp_c=66 records=536 errors=0
THERMAL gpu_temp_c=65 records=536 errors=0
THERMAL gpu_temp_c=68 records=536 errors=0
THERMAL gpu_temp_c=68 records=536 errors=0
THERMAL gpu_temp_c=68 records=536 errors=0
THERMAL gpu_temp_c=68 records=536 errors=0
THERMAL gpu_temp_c=69 records=536 errors=0
THERMAL gpu_temp_c=68 records=536 errors=0
THERMAL gpu_temp_c=68 records=536 errors=0
THERMAL gpu_temp_c=68 records=536 errors=0
THERMAL gpu_temp_c=68 records=536 errors=0
THERMAL gpu_temp_c=67 records=540 errors=0
THERMAL gpu_temp_c=66 records=540 errors=0
THERMAL gpu_temp_c=69 records=540 errors=0
THERMAL gpu_temp_c=68 records=540 errors=0
THERMAL gpu_temp_c=68 records=540 errors=0
THERMAL gpu_temp_c=68 records=540 errors=0
THERMAL gpu_temp_c=68 records=540 errors=0
THERMAL gpu_temp_c=68 records=540 errors=0
THERMAL gpu_temp_c=69 records=540 errors=0
THERMAL gpu_temp_c=68 records=540 errors=0
THERMAL gpu_temp_c=68 records=540 errors=0
THERMAL gpu_temp_c=69 records=540 errors=0
THERMAL gpu_temp_c=68 records=544 errors=0
THERMAL gpu_temp_c=66 records=544 errors=0
THERMAL gpu_temp_c=73 records=544 errors=0
THERMAL gpu_temp_c=68 records=544 errors=0
THERMAL gpu_temp_c=69 records=544 errors=0
THERMAL gpu_temp_c=68 records=544 errors=0
THERMAL gpu_temp_c=68 records=544 errors=0
THERMAL gpu_temp_c=69 records=544 errors=0
THERMAL gpu_temp_c=69 records=544 errors=0
THERMAL gpu_temp_c=68 records=544 errors=0
THERMAL gpu_temp_c=68 records=544 errors=0
THERMAL gpu_temp_c=68 records=544 errors=0
THERMAL gpu_temp_c=68 records=548 errors=0
THERMAL gpu_temp_c=66 records=548 errors=0
THERMAL gpu_temp_c=66 records=548 errors=0
THERMAL gpu_temp_c=68 records=548 errors=0
THERMAL gpu_temp_c=68 records=548 errors=0
THERMAL gpu_temp_c=68 records=548 errors=0
THERMAL gpu_temp_c=68 records=548 errors=0
THERMAL gpu_temp_c=68 records=548 errors=0
THERMAL gpu_temp_c=68 records=548 errors=0
THERMAL gpu_temp_c=68 records=548 errors=0
THERMAL gpu_temp_c=68 records=548 errors=0
THERMAL gpu_temp_c=67 records=552 errors=0
THERMAL gpu_temp_c=66 records=552 errors=0
THERMAL gpu_temp_c=66 records=552 errors=0
THERMAL gpu_temp_c=68 records=552 errors=0
THERMAL gpu_temp_c=68 records=552 errors=0
THERMAL gpu_temp_c=68 records=552 errors=0
THERMAL gpu_temp_c=68 records=552 errors=0
THERMAL gpu_temp_c=69 records=552 errors=0
THERMAL gpu_temp_c=68 records=552 errors=0
THERMAL gpu_temp_c=69 records=552 errors=0
THERMAL gpu_temp_c=68 records=552 errors=0
THERMAL gpu_temp_c=68 records=556 errors=0
THERMAL gpu_temp_c=66 records=556 errors=0
THERMAL gpu_temp_c=72 records=556 errors=0
THERMAL gpu_temp_c=68 records=556 errors=0
THERMAL gpu_temp_c=68 records=556 errors=0
THERMAL gpu_temp_c=69 records=556 errors=0
THERMAL gpu_temp_c=69 records=556 errors=0
THERMAL gpu_temp_c=68 records=556 errors=0
THERMAL gpu_temp_c=69 records=556 errors=0
THERMAL gpu_temp_c=69 records=556 errors=0
THERMAL gpu_temp_c=68 records=556 errors=0
THERMAL gpu_temp_c=67 records=560 errors=0
THERMAL gpu_temp_c=65 records=560 errors=0
THERMAL gpu_temp_c=70 records=560 errors=0
THERMAL gpu_temp_c=68 records=560 errors=0
THERMAL gpu_temp_c=68 records=560 errors=0
THERMAL gpu_temp_c=69 records=560 errors=0
THERMAL gpu_temp_c=69 records=560 errors=0
THERMAL gpu_temp_c=68 records=560 errors=0
THERMAL gpu_temp_c=69 records=560 errors=0
THERMAL gpu_temp_c=69 records=560 errors=0
THERMAL gpu_temp_c=68 records=560 errors=0
THERMAL gpu_temp_c=67 records=564 errors=0
THERMAL gpu_temp_c=66 records=564 errors=0
THERMAL gpu_temp_c=71 records=564 errors=0
THERMAL gpu_temp_c=68 records=564 errors=0
THERMAL gpu_temp_c=68 records=564 errors=0
THERMAL gpu_temp_c=69 records=564 errors=0
THERMAL gpu_temp_c=68 records=564 errors=0
THERMAL gpu_temp_c=68 records=564 errors=0
THERMAL gpu_temp_c=68 records=564 errors=0
THERMAL gpu_temp_c=68 records=564 errors=0
THERMAL gpu_temp_c=69 records=568 errors=0
THERMAL gpu_temp_c=66 records=568 errors=0
THERMAL gpu_temp_c=65 records=568 errors=0
THERMAL gpu_temp_c=69 records=568 errors=0
THERMAL gpu_temp_c=68 records=568 errors=0
THERMAL gpu_temp_c=68 records=568 errors=0
THERMAL gpu_temp_c=68 records=568 errors=0
THERMAL gpu_temp_c=69 records=568 errors=0
THERMAL gpu_temp_c=68 records=568 errors=0
THERMAL gpu_temp_c=69 records=568 errors=0
THERMAL gpu_temp_c=69 records=568 errors=0
THERMAL gpu_temp_c=69 records=568 errors=0
THERMAL gpu_temp_c=67 records=572 errors=0
THERMAL gpu_temp_c=66 records=572 errors=0
THERMAL gpu_temp_c=68 records=572 errors=0
THERMAL gpu_temp_c=68 records=572 errors=0
THERMAL gpu_temp_c=68 records=572 errors=0
THERMAL gpu_temp_c=69 records=572 errors=0
THERMAL gpu_temp_c=68 records=572 errors=0
THERMAL gpu_temp_c=69 records=572 errors=0
THERMAL gpu_temp_c=69 records=572 errors=0
THERMAL gpu_temp_c=69 records=572 errors=0
THERMAL gpu_temp_c=69 records=572 errors=0
THERMAL gpu_temp_c=68 records=576 errors=0
THERMAL gpu_temp_c=66 records=576 errors=0
THERMAL gpu_temp_c=71 records=576 errors=0
THERMAL gpu_temp_c=67 records=576 errors=0
THERMAL gpu_temp_c=68 records=576 errors=0
THERMAL gpu_temp_c=68 records=576 errors=0
THERMAL gpu_temp_c=68 records=576 errors=0
THERMAL gpu_temp_c=68 records=576 errors=0
THERMAL gpu_temp_c=68 records=576 errors=0
THERMAL gpu_temp_c=69 records=576 errors=0
THERMAL gpu_temp_c=68 records=576 errors=0
THERMAL gpu_temp_c=68 records=580 errors=0
THERMAL gpu_temp_c=66 records=580 errors=0
THERMAL gpu_temp_c=71 records=580 errors=0
THERMAL gpu_temp_c=67 records=580 errors=0
THERMAL gpu_temp_c=68 records=580 errors=0
THERMAL gpu_temp_c=68 records=580 errors=0
THERMAL gpu_temp_c=69 records=580 errors=0
THERMAL gpu_temp_c=68 records=580 errors=0
THERMAL gpu_temp_c=68 records=580 errors=0
THERMAL gpu_temp_c=69 records=580 errors=0
THERMAL gpu_temp_c=69 records=580 errors=0
THERMAL gpu_temp_c=69 records=580 errors=0
THERMAL gpu_temp_c=68 records=584 errors=0
THERMAL gpu_temp_c=66 records=584 errors=0
THERMAL gpu_temp_c=74 records=584 errors=0
THERMAL gpu_temp_c=68 records=584 errors=0
THERMAL gpu_temp_c=68 records=584 errors=0
THERMAL gpu_temp_c=69 records=584 errors=0
THERMAL gpu_temp_c=68 records=584 errors=0
THERMAL gpu_temp_c=69 records=584 errors=0
THERMAL gpu_temp_c=69 records=584 errors=0
THERMAL gpu_temp_c=69 records=584 errors=0
THERMAL gpu_temp_c=68 records=584 errors=0
THERMAL gpu_temp_c=68 records=584 errors=0
THERMAL gpu_temp_c=67 records=588 errors=0
THERMAL gpu_temp_c=66 records=588 errors=0
THERMAL gpu_temp_c=71 records=588 errors=0
THERMAL gpu_temp_c=68 records=588 errors=0
THERMAL gpu_temp_c=69 records=588 errors=0
THERMAL gpu_temp_c=69 records=588 errors=0
THERMAL gpu_temp_c=69 records=588 errors=0
THERMAL gpu_temp_c=68 records=588 errors=0
THERMAL gpu_temp_c=68 records=588 errors=0
THERMAL gpu_temp_c=68 records=588 errors=0
THERMAL gpu_temp_c=68 records=588 errors=0
THERMAL gpu_temp_c=69 records=588 errors=0
THERMAL gpu_temp_c=67 records=592 errors=0
THERMAL gpu_temp_c=66 records=592 errors=0
THERMAL gpu_temp_c=70 records=592 errors=0
THERMAL gpu_temp_c=68 records=592 errors=0
THERMAL gpu_temp_c=68 records=592 errors=0
THERMAL gpu_temp_c=68 records=592 errors=0
THERMAL gpu_temp_c=68 records=592 errors=0
THERMAL gpu_temp_c=68 records=592 errors=0
THERMAL gpu_temp_c=68 records=592 errors=0
THERMAL gpu_temp_c=68 records=592 errors=0
THERMAL gpu_temp_c=69 records=592 errors=0
THERMAL gpu_temp_c=68 records=592 errors=0
THERMAL gpu_temp_c=67 records=596 errors=0
THERMAL gpu_temp_c=65 records=596 errors=0
THERMAL gpu_temp_c=68 records=596 errors=0
THERMAL gpu_temp_c=68 records=596 errors=0
THERMAL gpu_temp_c=69 records=596 errors=0
THERMAL gpu_temp_c=68 records=596 errors=0
THERMAL gpu_temp_c=68 records=596 errors=0
THERMAL gpu_temp_c=68 records=596 errors=0
THERMAL gpu_temp_c=69 records=596 errors=0
THERMAL gpu_temp_c=69 records=596 errors=0
THERMAL gpu_temp_c=68 records=600 errors=0
THERMAL gpu_temp_c=66 records=600 errors=0
THERMAL gpu_temp_c=66 records=600 errors=0
THERMAL gpu_temp_c=68 records=600 errors=0
THERMAL gpu_temp_c=68 records=600 errors=0
THERMAL gpu_temp_c=69 records=600 errors=0
THERMAL gpu_temp_c=68 records=600 errors=0
THERMAL gpu_temp_c=69 records=600 errors=0
THERMAL gpu_temp_c=68 records=600 errors=0
THERMAL gpu_temp_c=68 records=600 errors=0
THERMAL gpu_temp_c=69 records=600 errors=0
THERMAL gpu_temp_c=67 records=604 errors=0
THERMAL gpu_temp_c=66 records=604 errors=0
THERMAL gpu_temp_c=70 records=604 errors=0
THERMAL gpu_temp_c=68 records=604 errors=0
THERMAL gpu_temp_c=68 records=604 errors=0
THERMAL gpu_temp_c=68 records=604 errors=0
THERMAL gpu_temp_c=68 records=604 errors=0
THERMAL gpu_temp_c=68 records=604 errors=0
THERMAL gpu_temp_c=69 records=604 errors=0
THERMAL gpu_temp_c=68 records=604 errors=0
THERMAL gpu_temp_c=68 records=604 errors=0
THERMAL gpu_temp_c=68 records=608 errors=0
THERMAL gpu_temp_c=66 records=608 errors=0
THERMAL gpu_temp_c=71 records=608 errors=0
THERMAL gpu_temp_c=68 records=608 errors=0
THERMAL gpu_temp_c=68 records=608 errors=0
THERMAL gpu_temp_c=68 records=608 errors=0
THERMAL gpu_temp_c=68 records=608 errors=0
THERMAL gpu_temp_c=68 records=608 errors=0
THERMAL gpu_temp_c=69 records=608 errors=0
THERMAL gpu_temp_c=68 records=608 errors=0
THERMAL gpu_temp_c=68 records=608 errors=0
THERMAL gpu_temp_c=68 records=608 errors=0
THERMAL gpu_temp_c=68 records=612 errors=0
THERMAL gpu_temp_c=66 records=612 errors=0
THERMAL gpu_temp_c=72 records=612 errors=0
THERMAL gpu_temp_c=69 records=612 errors=0
THERMAL gpu_temp_c=68 records=612 errors=0
THERMAL gpu_temp_c=68 records=612 errors=0
THERMAL gpu_temp_c=68 records=612 errors=0
THERMAL gpu_temp_c=68 records=612 errors=0
THERMAL gpu_temp_c=68 records=612 errors=0
THERMAL gpu_temp_c=68 records=612 errors=0
THERMAL gpu_temp_c=69 records=612 errors=0
THERMAL gpu_temp_c=69 records=612 errors=0
THERMAL gpu_temp_c=67 records=616 errors=0
THERMAL gpu_temp_c=65 records=616 errors=0
THERMAL gpu_temp_c=71 records=616 errors=0
THERMAL gpu_temp_c=67 records=616 errors=0
THERMAL gpu_temp_c=68 records=616 errors=0
THERMAL gpu_temp_c=68 records=616 errors=0
THERMAL gpu_temp_c=68 records=616 errors=0
THERMAL gpu_temp_c=68 records=616 errors=0
THERMAL gpu_temp_c=68 records=616 errors=0
THERMAL gpu_temp_c=69 records=616 errors=0
THERMAL gpu_temp_c=69 records=616 errors=0
THERMAL gpu_temp_c=69 records=616 errors=0
THERMAL gpu_temp_c=67 records=620 errors=0
THERMAL gpu_temp_c=65 records=620 errors=0
THERMAL gpu_temp_c=68 records=620 errors=0
THERMAL gpu_temp_c=68 records=620 errors=0
THERMAL gpu_temp_c=68 records=620 errors=0
THERMAL gpu_temp_c=68 records=620 errors=0
THERMAL gpu_temp_c=68 records=620 errors=0
THERMAL gpu_temp_c=69 records=620 errors=0
THERMAL gpu_temp_c=68 records=620 errors=0
THERMAL gpu_temp_c=69 records=620 errors=0
THERMAL gpu_temp_c=69 records=620 errors=0
THERMAL gpu_temp_c=68 records=624 errors=0
THERMAL gpu_temp_c=66 records=624 errors=0
THERMAL gpu_temp_c=66 records=624 errors=0
THERMAL gpu_temp_c=69 records=624 errors=0
THERMAL gpu_temp_c=68 records=624 errors=0
THERMAL gpu_temp_c=69 records=624 errors=0
THERMAL gpu_temp_c=68 records=624 errors=0
THERMAL gpu_temp_c=69 records=624 errors=0
THERMAL gpu_temp_c=69 records=624 errors=0
THERMAL gpu_temp_c=69 records=624 errors=0
THERMAL gpu_temp_c=69 records=624 errors=0
THERMAL gpu_temp_c=69 records=624 errors=0
THERMAL gpu_temp_c=68 records=628 errors=0
THERMAL gpu_temp_c=66 records=628 errors=0
THERMAL gpu_temp_c=71 records=628 errors=0
THERMAL gpu_temp_c=69 records=628 errors=0
THERMAL gpu_temp_c=68 records=628 errors=0
THERMAL gpu_temp_c=68 records=628 errors=0
THERMAL gpu_temp_c=69 records=628 errors=0
THERMAL gpu_temp_c=68 records=628 errors=0
THERMAL gpu_temp_c=69 records=628 errors=0
THERMAL gpu_temp_c=69 records=628 errors=0
THERMAL gpu_temp_c=68 records=628 errors=0
THERMAL gpu_temp_c=68 records=628 errors=0
THERMAL gpu_temp_c=68 records=632 errors=0
THERMAL gpu_temp_c=66 records=632 errors=0
THERMAL gpu_temp_c=73 records=632 errors=0
THERMAL gpu_temp_c=68 records=632 errors=0
THERMAL gpu_temp_c=69 records=632 errors=0
THERMAL gpu_temp_c=68 records=632 errors=0
THERMAL gpu_temp_c=69 records=632 errors=0
THERMAL gpu_temp_c=68 records=632 errors=0
THERMAL gpu_temp_c=69 records=632 errors=0
THERMAL gpu_temp_c=69 records=632 errors=0
THERMAL gpu_temp_c=69 records=632 errors=0
THERMAL gpu_temp_c=69 records=636 errors=0
THERMAL gpu_temp_c=66 records=636 errors=0
THERMAL gpu_temp_c=65 records=636 errors=0
THERMAL gpu_temp_c=68 records=636 errors=0
THERMAL gpu_temp_c=68 records=636 errors=0
THERMAL gpu_temp_c=68 records=636 errors=0
THERMAL gpu_temp_c=68 records=636 errors=0
THERMAL gpu_temp_c=68 records=636 errors=0
THERMAL gpu_temp_c=69 records=636 errors=0
THERMAL gpu_temp_c=68 records=636 errors=0
THERMAL gpu_temp_c=68 records=636 errors=0
THERMAL gpu_temp_c=69 records=636 errors=0
THERMAL gpu_temp_c=67 records=640 errors=0
THERMAL gpu_temp_c=66 records=640 errors=0
THERMAL gpu_temp_c=69 records=640 errors=0
THERMAL gpu_temp_c=69 records=640 errors=0
THERMAL gpu_temp_c=68 records=640 errors=0
THERMAL gpu_temp_c=68 records=640 errors=0
THERMAL gpu_temp_c=69 records=640 errors=0
THERMAL gpu_temp_c=68 records=640 errors=0
THERMAL gpu_temp_c=69 records=640 errors=0
THERMAL gpu_temp_c=69 records=640 errors=0
THERMAL gpu_temp_c=68 records=640 errors=0
THERMAL gpu_temp_c=68 records=644 errors=0
THERMAL gpu_temp_c=66 records=644 errors=0
THERMAL gpu_temp_c=73 records=644 errors=0
THERMAL gpu_temp_c=68 records=644 errors=0
THERMAL gpu_temp_c=68 records=644 errors=0
THERMAL gpu_temp_c=68 records=644 errors=0
THERMAL gpu_temp_c=69 records=644 errors=0
THERMAL gpu_temp_c=69 records=644 errors=0
THERMAL gpu_temp_c=69 records=644 errors=0
THERMAL gpu_temp_c=69 records=644 errors=0
THERMAL gpu_temp_c=69 records=644 errors=0
THERMAL gpu_temp_c=68 records=648 errors=0
THERMAL gpu_temp_c=66 records=648 errors=0
THERMAL gpu_temp_c=65 records=648 errors=0
THERMAL gpu_temp_c=68 records=648 errors=0
THERMAL gpu_temp_c=68 records=648 errors=0
THERMAL gpu_temp_c=68 records=648 errors=0
THERMAL gpu_temp_c=68 records=648 errors=0
THERMAL gpu_temp_c=69 records=648 errors=0
THERMAL gpu_temp_c=69 records=648 errors=0
THERMAL gpu_temp_c=69 records=648 errors=0
THERMAL gpu_temp_c=69 records=648 errors=0
THERMAL gpu_temp_c=67 records=652 errors=0
THERMAL gpu_temp_c=65 records=652 errors=0
THERMAL gpu_temp_c=68 records=652 errors=0
THERMAL gpu_temp_c=68 records=652 errors=0
THERMAL gpu_temp_c=68 records=652 errors=0
THERMAL gpu_temp_c=68 records=652 errors=0
THERMAL gpu_temp_c=68 records=652 errors=0
THERMAL gpu_temp_c=69 records=652 errors=0
THERMAL gpu_temp_c=69 records=652 errors=0
THERMAL gpu_temp_c=69 records=652 errors=0
THERMAL gpu_temp_c=68 records=656 errors=0
THERMAL gpu_temp_c=66 records=656 errors=0
THERMAL gpu_temp_c=71 records=656 errors=0
THERMAL gpu_temp_c=68 records=656 errors=0
THERMAL gpu_temp_c=68 records=656 errors=0
THERMAL gpu_temp_c=68 records=656 errors=0
THERMAL gpu_temp_c=69 records=656 errors=0
THERMAL gpu_temp_c=69 records=656 errors=0
THERMAL gpu_temp_c=68 records=656 errors=0
THERMAL gpu_temp_c=68 records=656 errors=0
THERMAL gpu_temp_c=69 records=656 errors=0
THERMAL gpu_temp_c=69 records=656 errors=0
THERMAL gpu_temp_c=67 records=660 errors=0
THERMAL gpu_temp_c=65 records=660 errors=0
THERMAL gpu_temp_c=68 records=660 errors=0
THERMAL gpu_temp_c=68 records=660 errors=0
THERMAL gpu_temp_c=68 records=660 errors=0
THERMAL gpu_temp_c=68 records=660 errors=0
THERMAL gpu_temp_c=69 records=660 errors=0
THERMAL gpu_temp_c=69 records=660 errors=0
THERMAL gpu_temp_c=68 records=660 errors=0
THERMAL gpu_temp_c=68 records=660 errors=0
THERMAL gpu_temp_c=69 records=660 errors=0
THERMAL gpu_temp_c=68 records=664 errors=0
THERMAL gpu_temp_c=66 records=664 errors=0
THERMAL gpu_temp_c=70 records=664 errors=0
THERMAL gpu_temp_c=68 records=664 errors=0
THERMAL gpu_temp_c=69 records=664 errors=0
THERMAL gpu_temp_c=69 records=664 errors=0
THERMAL gpu_temp_c=69 records=664 errors=0
THERMAL gpu_temp_c=68 records=664 errors=0
THERMAL gpu_temp_c=69 records=664 errors=0
THERMAL gpu_temp_c=69 records=664 errors=0
THERMAL gpu_temp_c=69 records=664 errors=0
THERMAL gpu_temp_c=68 records=668 errors=0
THERMAL gpu_temp_c=66 records=668 errors=0
THERMAL gpu_temp_c=71 records=668 errors=0
THERMAL gpu_temp_c=68 records=668 errors=0
THERMAL gpu_temp_c=69 records=668 errors=0
THERMAL gpu_temp_c=69 records=668 errors=0
THERMAL gpu_temp_c=69 records=668 errors=0
THERMAL gpu_temp_c=68 records=668 errors=0
THERMAL gpu_temp_c=69 records=668 errors=0
THERMAL gpu_temp_c=69 records=668 errors=0
THERMAL gpu_temp_c=69 records=668 errors=0
THERMAL gpu_temp_c=69 records=672 errors=0
THERMAL gpu_temp_c=67 records=672 errors=0
THERMAL gpu_temp_c=65 records=672 errors=0
THERMAL gpu_temp_c=69 records=672 errors=0
THERMAL gpu_temp_c=68 records=672 errors=0
THERMAL gpu_temp_c=68 records=672 errors=0
THERMAL gpu_temp_c=69 records=672 errors=0
THERMAL gpu_temp_c=69 records=672 errors=0
THERMAL gpu_temp_c=68 records=672 errors=0
THERMAL gpu_temp_c=69 records=672 errors=0
THERMAL gpu_temp_c=69 records=672 errors=0
THERMAL gpu_temp_c=69 records=672 errors=0
THERMAL gpu_temp_c=67 records=676 errors=0
THERMAL gpu_temp_c=66 records=676 errors=0
THERMAL gpu_temp_c=74 records=676 errors=0
THERMAL gpu_temp_c=68 records=676 errors=0
THERMAL gpu_temp_c=69 records=676 errors=0
THERMAL gpu_temp_c=68 records=676 errors=0
THERMAL gpu_temp_c=69 records=676 errors=0
THERMAL gpu_temp_c=69 records=676 errors=0
THERMAL gpu_temp_c=68 records=676 errors=0
THERMAL gpu_temp_c=69 records=676 errors=0
THERMAL gpu_temp_c=69 records=676 errors=0
THERMAL gpu_temp_c=67 records=680 errors=0
THERMAL gpu_temp_c=66 records=680 errors=0
THERMAL gpu_temp_c=68 records=680 errors=0
THERMAL gpu_temp_c=68 records=680 errors=0
THERMAL gpu_temp_c=69 records=680 errors=0
THERMAL gpu_temp_c=68 records=680 errors=0
THERMAL gpu_temp_c=68 records=680 errors=0
THERMAL gpu_temp_c=68 records=680 errors=0
THERMAL gpu_temp_c=68 records=680 errors=0
THERMAL gpu_temp_c=69 records=680 errors=0
THERMAL gpu_temp_c=69 records=680 errors=0
THERMAL gpu_temp_c=67 records=684 errors=0
THERMAL gpu_temp_c=66 records=684 errors=0
THERMAL gpu_temp_c=73 records=684 errors=0
THERMAL gpu_temp_c=68 records=684 errors=0
THERMAL gpu_temp_c=69 records=684 errors=0
THERMAL gpu_temp_c=68 records=684 errors=0
THERMAL gpu_temp_c=69 records=684 errors=0
THERMAL gpu_temp_c=68 records=684 errors=0
THERMAL gpu_temp_c=69 records=684 errors=0
THERMAL gpu_temp_c=69 records=684 errors=0
THERMAL gpu_temp_c=69 records=684 errors=0
THERMAL gpu_temp_c=68 records=688 errors=0
THERMAL gpu_temp_c=67 records=688 errors=0
THERMAL gpu_temp_c=66 records=688 errors=0
THERMAL gpu_temp_c=68 records=688 errors=0
THERMAL gpu_temp_c=68 records=688 errors=0
THERMAL gpu_temp_c=68 records=688 errors=0
THERMAL gpu_temp_c=68 records=688 errors=0
THERMAL gpu_temp_c=68 records=688 errors=0
THERMAL gpu_temp_c=69 records=688 errors=0
THERMAL gpu_temp_c=69 records=688 errors=0
THERMAL gpu_temp_c=69 records=688 errors=0
THERMAL gpu_temp_c=68 records=692 errors=0
THERMAL gpu_temp_c=67 records=692 errors=0
THERMAL gpu_temp_c=66 records=692 errors=0
THERMAL gpu_temp_c=68 records=692 errors=0
THERMAL gpu_temp_c=69 records=692 errors=0
THERMAL gpu_temp_c=69 records=692 errors=0
THERMAL gpu_temp_c=69 records=692 errors=0
THERMAL gpu_temp_c=68 records=692 errors=0
THERMAL gpu_temp_c=68 records=692 errors=0
THERMAL gpu_temp_c=68 records=692 errors=0
THERMAL gpu_temp_c=69 records=692 errors=0
THERMAL gpu_temp_c=69 records=692 errors=0
THERMAL gpu_temp_c=68 records=696 errors=0
THERMAL gpu_temp_c=66 records=696 errors=0
THERMAL gpu_temp_c=71 records=696 errors=0
THERMAL gpu_temp_c=69 records=696 errors=0
THERMAL gpu_temp_c=68 records=696 errors=0
THERMAL gpu_temp_c=68 records=696 errors=0
THERMAL gpu_temp_c=68 records=696 errors=0
THERMAL gpu_temp_c=69 records=696 errors=0
THERMAL gpu_temp_c=68 records=696 errors=0
THERMAL gpu_temp_c=68 records=696 errors=0
THERMAL gpu_temp_c=68 records=696 errors=0
THERMAL gpu_temp_c=68 records=700 errors=0
THERMAL gpu_temp_c=66 records=700 errors=0
THERMAL gpu_temp_c=65 records=700 errors=0
THERMAL gpu_temp_c=68 records=700 errors=0
THERMAL gpu_temp_c=68 records=700 errors=0
THERMAL gpu_temp_c=68 records=700 errors=0
THERMAL gpu_temp_c=69 records=700 errors=0
THERMAL gpu_temp_c=69 records=700 errors=0
THERMAL gpu_temp_c=69 records=700 errors=0
THERMAL gpu_temp_c=69 records=700 errors=0
THERMAL gpu_temp_c=69 records=700 errors=0
THERMAL gpu_temp_c=69 records=700 errors=0
THERMAL gpu_temp_c=67 records=704 errors=0
THERMAL gpu_temp_c=65 records=704 errors=0
THERMAL gpu_temp_c=68 records=704 errors=0
THERMAL gpu_temp_c=68 records=704 errors=0
THERMAL gpu_temp_c=68 records=704 errors=0
THERMAL gpu_temp_c=69 records=704 errors=0
THERMAL gpu_temp_c=69 records=704 errors=0
THERMAL gpu_temp_c=68 records=704 errors=0
THERMAL gpu_temp_c=69 records=704 errors=0
THERMAL gpu_temp_c=68 records=704 errors=0
THERMAL gpu_temp_c=69 records=704 errors=0
THERMAL gpu_temp_c=68 records=708 errors=0
THERMAL gpu_temp_c=67 records=708 errors=0
THERMAL gpu_temp_c=66 records=708 errors=0
THERMAL gpu_temp_c=68 records=708 errors=0
THERMAL gpu_temp_c=68 records=708 errors=0
THERMAL gpu_temp_c=69 records=708 errors=0
THERMAL gpu_temp_c=69 records=708 errors=0
THERMAL gpu_temp_c=68 records=708 errors=0
THERMAL gpu_temp_c=68 records=708 errors=0
THERMAL gpu_temp_c=69 records=708 errors=0
THERMAL gpu_temp_c=68 records=708 errors=0
THERMAL gpu_temp_c=69 records=708 errors=0
THERMAL gpu_temp_c=67 records=712 errors=0
THERMAL gpu_temp_c=66 records=712 errors=0
THERMAL gpu_temp_c=69 records=712 errors=0
THERMAL gpu_temp_c=68 records=712 errors=0
THERMAL gpu_temp_c=68 records=712 errors=0
THERMAL gpu_temp_c=68 records=712 errors=0
THERMAL gpu_temp_c=69 records=712 errors=0
THERMAL gpu_temp_c=68 records=712 errors=0
THERMAL gpu_temp_c=68 records=712 errors=0
THERMAL gpu_temp_c=68 records=712 errors=0
THERMAL gpu_temp_c=68 records=712 errors=0
THERMAL gpu_temp_c=69 records=712 errors=0
THERMAL gpu_temp_c=67 records=716 errors=0
THERMAL gpu_temp_c=66 records=716 errors=0
THERMAL gpu_temp_c=69 records=716 errors=0
THERMAL gpu_temp_c=68 records=716 errors=0
THERMAL gpu_temp_c=69 records=716 errors=0
THERMAL gpu_temp_c=69 records=716 errors=0
THERMAL gpu_temp_c=68 records=716 errors=0
THERMAL gpu_temp_c=68 records=716 errors=0
THERMAL gpu_temp_c=69 records=716 errors=0
THERMAL gpu_temp_c=68 records=716 errors=0
THERMAL gpu_temp_c=69 records=716 errors=0
THERMAL gpu_temp_c=67 records=720 errors=0
THERMAL gpu_temp_c=65 records=720 errors=0
THERMAL gpu_temp_c=72 records=720 errors=0
THERMAL gpu_temp_c=67 records=720 errors=0
THERMAL gpu_temp_c=68 records=720 errors=0
THERMAL gpu_temp_c=68 records=720 errors=0
THERMAL gpu_temp_c=68 records=720 errors=0
THERMAL gpu_temp_c=69 records=720 errors=0
THERMAL gpu_temp_c=68 records=720 errors=0
THERMAL gpu_temp_c=68 records=720 errors=0
THERMAL gpu_temp_c=69 records=720 errors=0
THERMAL gpu_temp_c=68 records=724 errors=0
THERMAL gpu_temp_c=66 records=724 errors=0
THERMAL gpu_temp_c=71 records=724 errors=0
THERMAL gpu_temp_c=68 records=724 errors=0
THERMAL gpu_temp_c=68 records=724 errors=0
THERMAL gpu_temp_c=68 records=724 errors=0
THERMAL gpu_temp_c=68 records=724 errors=0
THERMAL gpu_temp_c=68 records=724 errors=0
THERMAL gpu_temp_c=69 records=724 errors=0
THERMAL gpu_temp_c=69 records=724 errors=0
THERMAL gpu_temp_c=69 records=724 errors=0
THERMAL gpu_temp_c=68 records=728 errors=0
THERMAL gpu_temp_c=66 records=728 errors=0
THERMAL gpu_temp_c=73 records=728 errors=0
THERMAL gpu_temp_c=69 records=728 errors=0
THERMAL gpu_temp_c=68 records=728 errors=0
THERMAL gpu_temp_c=68 records=728 errors=0
THERMAL gpu_temp_c=69 records=728 errors=0
THERMAL gpu_temp_c=69 records=728 errors=0
THERMAL gpu_temp_c=68 records=728 errors=0
THERMAL gpu_temp_c=69 records=728 errors=0
THERMAL gpu_temp_c=69 records=728 errors=0
THERMAL gpu_temp_c=68 records=728 errors=0
THERMAL gpu_temp_c=67 records=732 errors=0
THERMAL gpu_temp_c=66 records=732 errors=0
THERMAL gpu_temp_c=68 records=732 errors=0
THERMAL gpu_temp_c=69 records=732 errors=0
THERMAL gpu_temp_c=69 records=732 errors=0
THERMAL gpu_temp_c=69 records=732 errors=0
THERMAL gpu_temp_c=69 records=732 errors=0
THERMAL gpu_temp_c=68 records=732 errors=0
THERMAL gpu_temp_c=69 records=732 errors=0
THERMAL gpu_temp_c=69 records=732 errors=0
THERMAL gpu_temp_c=69 records=732 errors=0
THERMAL gpu_temp_c=68 records=736 errors=0
THERMAL gpu_temp_c=66 records=736 errors=0
THERMAL gpu_temp_c=66 records=736 errors=0
THERMAL gpu_temp_c=68 records=736 errors=0
THERMAL gpu_temp_c=68 records=736 errors=0
THERMAL gpu_temp_c=69 records=736 errors=0
THERMAL gpu_temp_c=69 records=736 errors=0
THERMAL gpu_temp_c=68 records=736 errors=0
THERMAL gpu_temp_c=68 records=736 errors=0
THERMAL gpu_temp_c=69 records=736 errors=0
THERMAL gpu_temp_c=69 records=736 errors=0
THERMAL gpu_temp_c=67 records=740 errors=0
THERMAL gpu_temp_c=66 records=740 errors=0
THERMAL gpu_temp_c=71 records=740 errors=0
THERMAL gpu_temp_c=69 records=740 errors=0
THERMAL gpu_temp_c=68 records=740 errors=0
THERMAL gpu_temp_c=68 records=740 errors=0
THERMAL gpu_temp_c=69 records=740 errors=0
THERMAL gpu_temp_c=69 records=740 errors=0
THERMAL gpu_temp_c=69 records=740 errors=0
THERMAL gpu_temp_c=69 records=740 errors=0
THERMAL gpu_temp_c=69 records=740 errors=0
THERMAL gpu_temp_c=68 records=744 errors=0
THERMAL gpu_temp_c=66 records=744 errors=0
THERMAL gpu_temp_c=71 records=744 errors=0
THERMAL gpu_temp_c=69 records=744 errors=0
THERMAL gpu_temp_c=69 records=744 errors=0
THERMAL gpu_temp_c=69 records=744 errors=0
THERMAL gpu_temp_c=68 records=744 errors=0
THERMAL gpu_temp_c=69 records=744 errors=0
THERMAL gpu_temp_c=69 records=744 errors=0
THERMAL gpu_temp_c=69 records=744 errors=0
THERMAL gpu_temp_c=69 records=744 errors=0
THERMAL gpu_temp_c=69 records=744 errors=0
THERMAL gpu_temp_c=67 records=748 errors=0
THERMAL gpu_temp_c=66 records=748 errors=0
THERMAL gpu_temp_c=69 records=748 errors=0
THERMAL gpu_temp_c=68 records=748 errors=0
THERMAL gpu_temp_c=68 records=748 errors=0
THERMAL gpu_temp_c=69 records=748 errors=0
THERMAL gpu_temp_c=69 records=748 errors=0
THERMAL gpu_temp_c=69 records=748 errors=0
THERMAL gpu_temp_c=69 records=748 errors=0
THERMAL gpu_temp_c=68 records=748 errors=0
THERMAL gpu_temp_c=68 records=748 errors=0
THERMAL gpu_temp_c=68 records=752 errors=0
THERMAL gpu_temp_c=67 records=752 errors=0
THERMAL gpu_temp_c=66 records=752 errors=0
THERMAL gpu_temp_c=68 records=752 errors=0
THERMAL gpu_temp_c=68 records=752 errors=0
THERMAL gpu_temp_c=68 records=752 errors=0
THERMAL gpu_temp_c=69 records=752 errors=0
THERMAL gpu_temp_c=68 records=752 errors=0
THERMAL gpu_temp_c=69 records=752 errors=0
THERMAL gpu_temp_c=69 records=752 errors=0
THERMAL gpu_temp_c=68 records=752 errors=0
THERMAL gpu_temp_c=68 records=752 errors=0
THERMAL gpu_temp_c=69 records=752 errors=0
THERMAL gpu_temp_c=67 records=756 errors=0
THERMAL gpu_temp_c=66 records=756 errors=0
THERMAL gpu_temp_c=69 records=756 errors=0
THERMAL gpu_temp_c=68 records=756 errors=0
THERMAL gpu_temp_c=68 records=756 errors=0
THERMAL gpu_temp_c=68 records=756 errors=0
THERMAL gpu_temp_c=69 records=756 errors=0
THERMAL gpu_temp_c=68 records=756 errors=0
THERMAL gpu_temp_c=68 records=756 errors=0
THERMAL gpu_temp_c=68 records=756 errors=0
THERMAL gpu_temp_c=69 records=756 errors=0
THERMAL gpu_temp_c=67 records=760 errors=0
THERMAL gpu_temp_c=66 records=760 errors=0
THERMAL gpu_temp_c=72 records=760 errors=0
THERMAL gpu_temp_c=68 records=760 errors=0
THERMAL gpu_temp_c=68 records=760 errors=0
THERMAL gpu_temp_c=68 records=760 errors=0
THERMAL gpu_temp_c=69 records=760 errors=0
THERMAL gpu_temp_c=69 records=760 errors=0
THERMAL gpu_temp_c=69 records=760 errors=0
THERMAL gpu_temp_c=69 records=760 errors=0
THERMAL gpu_temp_c=68 records=760 errors=0
THERMAL gpu_temp_c=68 records=764 errors=0
THERMAL gpu_temp_c=66 records=764 errors=0
THERMAL gpu_temp_c=65 records=764 errors=0
THERMAL gpu_temp_c=68 records=764 errors=0
THERMAL gpu_temp_c=68 records=764 errors=0
THERMAL gpu_temp_c=68 records=764 errors=0
THERMAL gpu_temp_c=68 records=764 errors=0
THERMAL gpu_temp_c=68 records=764 errors=0
THERMAL gpu_temp_c=68 records=764 errors=0
THERMAL gpu_temp_c=68 records=764 errors=0
THERMAL gpu_temp_c=68 records=764 errors=0
THERMAL gpu_temp_c=68 records=768 errors=0
THERMAL gpu_temp_c=66 records=768 errors=0
THERMAL gpu_temp_c=66 records=768 errors=0
THERMAL gpu_temp_c=68 records=768 errors=0
THERMAL gpu_temp_c=69 records=768 errors=0
THERMAL gpu_temp_c=68 records=768 errors=0
THERMAL gpu_temp_c=68 records=768 errors=0
THERMAL gpu_temp_c=69 records=768 errors=0
THERMAL gpu_temp_c=69 records=768 errors=0
THERMAL gpu_temp_c=69 records=768 errors=0
THERMAL gpu_temp_c=69 records=768 errors=0
THERMAL gpu_temp_c=69 records=768 errors=0
THERMAL gpu_temp_c=69 records=772 errors=4
FULL_EXTRACTION_FAIL_FAST records=772 errors=4
WARNING: Could not remove empty redirect log 
'D:\UIT\KLTN\runtime\ministral3_8b_challenger\logs\event_v3_7_full_wrapper_20260826_225716.stderr.log': Exception 
calling "Delete" with "1" argument(s): "The process cannot access the file 
'D:\UIT\KLTN\runtime\ministral3_8b_challenger\logs\event_v3_7_full_wrapper_20260826_225716.stderr.log' because it is 
being used by another process."
SAFETY_CLEANUP_COMPLETE power_plan=Balanced gpu_temp_c=68
